Archive member included to satisfy reference by file (symbol)

c:/progra~1/gcc-ar~1.10/bin/../lib/gcc/arm-none-eabi/10.3.1/thumb/v7e-m/nofp\libgcc.a(_arm_mulsf3.o)
                              CMakeFiles/VET6_HALL_speed.elf.dir/Core/Src/bsp_bldc.c.obj (__aeabi_fmul)
c:/progra~1/gcc-ar~1.10/bin/../lib/gcc/arm-none-eabi/10.3.1/thumb/v7e-m/nofp\libgcc.a(_arm_addsubdf3.o)
                              CMakeFiles/VET6_HALL_speed.elf.dir/Core/Src/main.c.obj (__aeabi_f2d)
c:/progra~1/gcc-ar~1.10/bin/../lib/gcc/arm-none-eabi/10.3.1/thumb/v7e-m/nofp\libgcc.a(_arm_addsubsf3.o)
                              CMakeFiles/VET6_HALL_speed.elf.dir/Core/Src/main.c.obj (__aeabi_ui2f)
c:/progra~1/gcc-ar~1.10/bin/../lib/gcc/arm-none-eabi/10.3.1/thumb/v7e-m/nofp\libgcc.a(_arm_muldivsf3.o)
                              CMakeFiles/VET6_HALL_speed.elf.dir/Core/Src/main.c.obj (__aeabi_fdiv)
c:/progra~1/gcc-ar~1.10/bin/../lib/gcc/arm-none-eabi/10.3.1/thumb/v7e-m/nofp\libgcc.a(_arm_cmpsf2.o)
                              CMakeFiles/VET6_HALL_speed.elf.dir/Core/Src/bsp_bldc.c.obj (__aeabi_fcmplt)
c:/progra~1/gcc-ar~1.10/bin/../lib/gcc/arm-none-eabi/10.3.1/thumb/v7e-m/nofp\libgcc.a(_arm_fixunssfsi.o)
                              CMakeFiles/VET6_HALL_speed.elf.dir/Core/Src/bsp_bldc.c.obj (__aeabi_f2uiz)
c:/progra~1/gcc-ar~1.10/bin/../lib/gcc/arm-none-eabi/10.3.1/thumb/v7e-m/nofp\libgcc.a(_aeabi_uldivmod.o)
                              CMakeFiles/VET6_HALL_speed.elf.dir/Drivers/STM32F4xx_HAL_Driver/Src/stm32f4xx_hal_rcc.c.obj (__aeabi_uldivmod)
c:/progra~1/gcc-ar~1.10/bin/../lib/gcc/arm-none-eabi/10.3.1/thumb/v7e-m/nofp\libgcc.a(_udivmoddi4.o)
                              c:/progra~1/gcc-ar~1.10/bin/../lib/gcc/arm-none-eabi/10.3.1/thumb/v7e-m/nofp\libgcc.a(_aeabi_uldivmod.o) (__udivmoddi4)
c:/progra~1/gcc-ar~1.10/bin/../lib/gcc/arm-none-eabi/10.3.1/thumb/v7e-m/nofp\libgcc.a(_dvmd_tls.o)
                              c:/progra~1/gcc-ar~1.10/bin/../lib/gcc/arm-none-eabi/10.3.1/thumb/v7e-m/nofp\libgcc.a(_aeabi_uldivmod.o) (__aeabi_ldiv0)
c:/progra~1/gcc-ar~1.10/bin/../lib/gcc/arm-none-eabi/10.3.1/../../../../arm-none-eabi/lib/thumb/v7e-m/nofp\libg.a(lib_a-errno.o)
                              CMakeFiles/VET6_HALL_speed.elf.dir/Core/Src/retarget.c.obj (__errno)
c:/progra~1/gcc-ar~1.10/bin/../lib/gcc/arm-none-eabi/10.3.1/../../../../arm-none-eabi/lib/thumb/v7e-m/nofp\libg.a(lib_a-exit.o)
                              c:/progra~1/gcc-ar~1.10/bin/../lib/gcc/arm-none-eabi/10.3.1/../../../../arm-none-eabi/lib/thumb/v7e-m/nofp/crt0.o (exit)
c:/progra~1/gcc-ar~1.10/bin/../lib/gcc/arm-none-eabi/10.3.1/../../../../arm-none-eabi/lib/thumb/v7e-m/nofp\libg.a(lib_a-impure.o)
                              c:/progra~1/gcc-ar~1.10/bin/../lib/gcc/arm-none-eabi/10.3.1/../../../../arm-none-eabi/lib/thumb/v7e-m/nofp\libg.a(lib_a-exit.o) (_global_impure_ptr)
c:/progra~1/gcc-ar~1.10/bin/../lib/gcc/arm-none-eabi/10.3.1/../../../../arm-none-eabi/lib/thumb/v7e-m/nofp\libg.a(lib_a-init.o)
                              c:/progra~1/gcc-ar~1.10/bin/../lib/gcc/arm-none-eabi/10.3.1/../../../../arm-none-eabi/lib/thumb/v7e-m/nofp/crt0.o (__libc_init_array)
c:/progra~1/gcc-ar~1.10/bin/../lib/gcc/arm-none-eabi/10.3.1/../../../../arm-none-eabi/lib/thumb/v7e-m/nofp\libg.a(lib_a-memset.o)
                              c:/progra~1/gcc-ar~1.10/bin/../lib/gcc/arm-none-eabi/10.3.1/../../../../arm-none-eabi/lib/thumb/v7e-m/nofp/crt0.o (memset)
c:/progra~1/gcc-ar~1.10/bin/../lib/gcc/arm-none-eabi/10.3.1/../../../../arm-none-eabi/lib/thumb/v7e-m/nofp\libg.a(lib_a-printf.o)
                              CMakeFiles/VET6_HALL_speed.elf.dir/Core/Src/main.c.obj (printf)
c:/progra~1/gcc-ar~1.10/bin/../lib/gcc/arm-none-eabi/10.3.1/../../../../arm-none-eabi/lib/thumb/v7e-m/nofp\libg.a(lib_a-puts.o)
                              CMakeFiles/VET6_HALL_speed.elf.dir/Core/Src/main.c.obj (puts)
c:/progra~1/gcc-ar~1.10/bin/../lib/gcc/arm-none-eabi/10.3.1/../../../../arm-none-eabi/lib/thumb/v7e-m/nofp\libg.a(lib_a-setvbuf.o)
                              CMakeFiles/VET6_HALL_speed.elf.dir/Core/Src/retarget.c.obj (setvbuf)
c:/progra~1/gcc-ar~1.10/bin/../lib/gcc/arm-none-eabi/10.3.1/../../../../arm-none-eabi/lib/thumb/v7e-m/nofp\libg.a(lib_a-strlen.o)
                              c:/progra~1/gcc-ar~1.10/bin/../lib/gcc/arm-none-eabi/10.3.1/../../../../arm-none-eabi/lib/thumb/v7e-m/nofp\libg.a(lib_a-puts.o) (strlen)
c:/progra~1/gcc-ar~1.10/bin/../lib/gcc/arm-none-eabi/10.3.1/../../../../arm-none-eabi/lib/thumb/v7e-m/nofp\libg.a(lib_a-vfprintf.o)
                              c:/progra~1/gcc-ar~1.10/bin/../lib/gcc/arm-none-eabi/10.3.1/../../../../arm-none-eabi/lib/thumb/v7e-m/nofp\libg.a(lib_a-printf.o) (_vfprintf_r)
c:/progra~1/gcc-ar~1.10/bin/../lib/gcc/arm-none-eabi/10.3.1/../../../../arm-none-eabi/lib/thumb/v7e-m/nofp\libg.a(lib_a-wsetup.o)
[...]
Memory Configuration

Name             Origin             Length             Attributes
CCMRAM           0x10000000         0x00010000         xrw
RAM              0x20000000         0x00020000         xrw
FLASH            0x08000000         0x00080000         xr
*default*        0x00000000         0xffffffff

Linker script and memory map

LOAD c:/progra~1/gcc-ar~1.10/bin/../lib/gcc/arm-none-eabi/10.3.1/thumb/v7e-m/nofp/crti.o
LOAD c:/progra~1/gcc-ar~1.10/bin/../lib/gcc/arm-none-eabi/10.3.1/thumb/v7e-m/nofp/crtbegin.o
LOAD c:/progra~1/gcc-ar~1.10/bin/../lib/gcc/arm-none-eabi/10.3.1/../../../../arm-none-eabi/lib/thumb/v7e-m/nofp/crt0.o
LOAD CMakeFiles/VET6_HALL_speed.elf.dir/Core/Src/bsp_bldc.c.obj
LOAD CMakeFiles/VET6_HALL_speed.elf.dir/Core/Src/bsp_hall.c.obj
LOAD CMakeFiles/VET6_HALL_speed.elf.dir/Core/Src/gpio.c.obj
LOAD CMakeFiles/VET6_HALL_speed.elf.dir/Core/Src/main.c.obj
LOAD CMakeFiles/VET6_HALL_speed.elf.dir/Core/Src/retarget.c.obj
LOAD CMakeFiles/VET6_HALL_speed.elf.dir/Core/Src/stm32f4xx_hal_msp.c.obj
LOAD CMakeFiles/VET6_HALL_speed.elf.dir/Core/Src/stm32f4xx_it.c.obj
LOAD CMakeFiles/VET6_HALL_speed.elf.dir/Core/Src/syscalls.c.obj
LOAD CMakeFiles/VET6_HALL_speed.elf.dir/Core/Src/sysmem.c.obj
LOAD CMakeFiles/VET6_HALL_speed.elf.dir/Core/Src/system_stm32f4xx.c.obj
LOAD CMakeFiles/VET6_HALL_speed.elf.dir/Core/Src/tim.c.obj
LOAD CMakeFiles/VET6_HALL_speed.elf.dir/Core/Src/usart.c.obj
LOAD CMakeFiles/VET6_HALL_speed.elf.dir/Core/Startup/startup_stm32f407vetx.s.obj
LOAD CMakeFiles/VET6_HALL_speed.elf.dir/Drivers/STM32F4xx_HAL_Driver/Src/stm32f4xx_hal.c.obj
LOAD CMakeFiles/VET6_HALL_speed.elf.dir/Drivers/STM32F4xx_HAL_Driver/Src/stm32f4xx_hal_cortex.c.obj
LOAD CMakeFiles/VET6_HALL_speed.elf.dir/Drivers/STM32F4xx_HAL_Driver/Src/stm32f4xx_hal_dma.c.obj
LOAD CMakeFiles/VET6_HALL_speed.elf.dir/Drivers/STM32F4xx_HAL_Driver/Src/stm32f4xx_hal_dma_ex.c.obj
LOAD CMakeFiles/VET6_HALL_speed.elf.dir/Drivers/STM32F4xx_HAL_Driver/Src/stm32f4xx_hal_exti.c.obj
LOAD CMakeFiles/VET6_HALL_speed.elf.dir/Drivers/STM32F4xx_HAL_Driver/Src/stm32f4xx_hal_flash.c.obj
LOAD CMakeFiles/VET6_HALL_speed.elf.dir/Drivers/STM32F4xx_HAL_Driver/Src/stm32f4xx_hal_flash_ex.c.obj
LOAD CMakeFiles/VET6_HALL_speed.elf.dir/Drivers/STM32F4xx_HAL_Driver/Src/stm32f4xx_hal_flash_ramfunc.c.obj
LOAD CMakeFiles/VET6_HALL_speed.elf.dir/Drivers/STM32F4xx_HAL_Driver/Src/stm32f4xx_hal_gpio.c.obj
LOAD CMakeFiles/VET6_HALL_speed.elf.dir/Drivers/STM32F4xx_HAL_Driver/Src/stm32f4xx_hal_pwr.c.obj
LOAD CMakeFiles/VET6_HALL_speed.elf.dir/Drivers/STM32F4xx_HAL_Driver/Src/stm32f4xx_hal_pwr_ex.c.obj
LOAD CMakeFiles/VET6_HALL_speed.elf.dir/Drivers/STM32F4xx_HAL_Driver/Src/stm32f4xx_hal_rcc.c.obj
LOAD CMakeFiles/VET6_HALL_speed.elf.dir/Drivers/STM32F4xx_HAL_Driver/Src/stm32f4xx_hal_rcc_ex.c.obj
LOAD CMakeFiles/VET6_HALL_speed.elf.dir/Drivers/STM32F4xx_HAL_Driver/Src/stm32f4xx_hal_tim.c.obj
LOAD CMakeFiles/VET6_HALL_speed.elf.dir/Drivers/STM32F4xx_HAL_Driver/Src/stm32f4xx_hal_tim_ex.c.obj
LOAD CMakeFiles/VET6_HALL_speed.elf.dir/Drivers/STM32F4xx_HAL_Driver/Src/stm32f4xx_hal_uart.c.obj
START GROUP
LOAD c:/progra~1/gcc-ar~1.10/bin/../lib/gcc/arm-none-eabi/10.3.1/thumb/v7e-m/nofp\libgcc.a
LOAD c:/progra~1/gcc-ar~1.10/bin/../lib/gcc/arm-none-eabi/10.3.1/../../../../arm-none-eabi/lib/thumb/v7e-m/nofp\libg.a
LOAD c:/progra~1/gcc-ar~1.10/bin/../lib/gcc/arm-none-eabi/10.3.1/../../../../arm-none-eabi/lib/thumb/v7e-m/nofp\libc.a
END GROUP
LOAD c:/progra~1/gcc-ar~1.10/bin/../lib/gcc/arm-none-eabi/10.3.1/thumb/v7e-m/nofp/crtend.o
LOAD c:/progra~1/gcc-ar~1.10/bin/../lib/gcc/arm-none-eabi/10.3.1/thumb/v7e-m/nofp/crtn.o
                0x20020000                _estack = (ORIGIN (RAM) + LENGTH (RAM))
                0x00000200                _Min_Heap_Size = 0x200
                0x00000400                _Min_Stack_Size = 0x400

.isr_vector     0x08000000      0x188
                0x08000000                . = ALIGN (0x4)
 *(.isr_vector)
 .isr_vector    0x08000000      0x188 CMakeFiles/VET6_HALL_speed.elf.dir/Core/Startup/startup_stm32f407vetx.s.obj
                0x08000000                g_pfnVectors
                0x08000188                . = ALIGN (0x4)

.text           0x080001c0     0x9570
                0x080001c0                . = ALIGN (0x4)
 *(.text)
 .text          0x080001c0       0x40 c:/progra~1/gcc-ar~1.10/bin/../lib/gcc/arm-none-eabi/10.3.1/thumb/v7e-m/nofp/crtbegin.o
 .text          0x08000200      0x378 c:/progra~1/gcc-ar~1.10/bin/../lib/gcc/arm-none-eabi/10.3.1/thumb/v7e-m/nofp\libgcc.a(_arm_addsubdf3.o)
                0x08000200                __aeabi_drsub
                0x08000208                __aeabi_dsub
                0x08000208                __subdf3
                0x0800020c                __aeabi_dadd
                0x0800020c                __adddf3
                0x08000484                __floatunsidf
                0x08000484                __aeabi_ui2d
                0x080004a4                __floatsidf
                0x080004a4                __aeabi_i2d
                0x080004c8                __aeabi_f2d
                0x080004c8                __extendsfdf2
                0x0800050c                __floatundidf
                0x0800050c                __aeabi_ul2d
                0x0800051c                __floatdidf
                0x0800051c                __aeabi_l2d
 .text          0x08000578      0x21c c:/progra~1/gcc-ar~1.10/bin/../lib/gcc/arm-none-eabi/10.3.1/thumb/v7e-m/nofp\libgcc.a(_arm_addsubsf3.o)
                0x08000578                __aeabi_frsub
                0x08000580                __subsf3
                0x08000580                __aeabi_fsub
                0x08000584                __aeabi_fadd
                0x08000584                __addsf3
                0x080006e4                __aeabi_ui2f
                0x080006e4                __floatunsisf
                0x080006ec                __aeabi_i2f
                0x080006ec                __floatsisf
                0x08000708                __aeabi_ul2f
                0x08000708                __floatundisf
                0x08000718                __aeabi_l2f
                0x08000718                __floatdisf
 .text          0x08000794      0x2a0 c:/progra~1/gcc-ar~1.10/bin/../lib/gcc/arm-none-eabi/10.3.1/thumb/v7e-m/nofp\libgcc.a(_arm_muldivsf3.o)
                0x08000794                __mulsf3
                0x08000794                __aeabi_fmul
                0x080008fc                __aeabi_fdiv
                0x080008fc                __divsf3
 .text          0x08000a34       0x30 c:/progra~1/gcc-ar~1.10/bin/../lib/gcc/arm-none-eabi/10.3.1/thumb/v7e-m/nofp\libgcc.a(_aeabi_uldivmod.o)
                0x08000a34                __aeabi_uldivmod
 .text          0x08000a64      0x2d0 c:/progra~1/gcc-ar~1.10/bin/../lib/gcc/arm-none-eabi/10.3.1/thumb/v7e-m/nofp\libgcc.a(_udivmoddi4.o)
                0x08000a64                __udivmoddi4
 .text          0x08000d34        0x4 c:/progra~1/gcc-ar~1.10/bin/../lib/gcc/arm-none-eabi/10.3.1/thumb/v7e-m/nofp\libgcc.a(_dvmd_tls.o)
                0x08000d34                __aeabi_idiv0
                0x08000d34                __aeabi_ldiv0
 *fill*         0x08000d38        0x8 
 .text          0x08000d40       0xdc c:/progra~1/gcc-ar~1.10/bin/../lib/gcc/arm-none-eabi/10.3.1/../../../../arm-none-eabi/lib/thumb/v7e-m/nofp\libg.a(lib_a-strlen.o)
                0x08000d40                strlen
 *fill*         0x08000e1c        0x4 
 .text          0x08000e20       0xa0 c:/progra~1/gcc-ar~1.10/bin/../lib/gcc/arm-none-eabi/10.3.1/../../../../arm-none-eabi/lib/thumb/v7e-m/nofp\libg.a(lib_a-memchr.o)
                0x08000e20                memchr
 .text          0x08000ec0      0x134 c:/progra~1/gcc-ar~1.10/bin/../lib/gcc/arm-none-eabi/10.3.1/../../../../arm-none-eabi/lib/thumb/v7e-m/nofp\libg.a(lib_a-memcpy.o)
                0x08000ec0                memcpy
 .text          0x08000ff4      0x424 c:/progra~1/gcc-ar~1.10/bin/../lib/gcc/arm-none-eabi/10.3.1/thumb/v7e-m/nofp\libgcc.a(_arm_muldivdf3.o)
                0x08000ff4                __aeabi_dmul
                0x08000ff4                __muldf3
                0x08001248                __divdf3
                0x08001248                __aeabi_ddiv
 .text          0x08001418      0x110 c:/progra~1/gcc-ar~1.10/bin/../lib/gcc/arm-none-eabi/10.3.1/thumb/v7e-m/nofp\libgcc.a(_arm_cmpdf2.o)
                0x08001418                __gtdf2
                0x08001418                __gedf2
                0x08001420                __ltdf2
                0x08001420                __ledf2
                0x08001428                __nedf2
                0x08001428                __eqdf2
                0x08001428                __cmpdf2
                0x080014a4                __aeabi_cdrcmple
                0x080014b4                __aeabi_cdcmpeq
                0x080014b4                __aeabi_cdcmple
                0x080014c4                __aeabi_dcmpeq
                0x080014d8                __aeabi_dcmplt
                0x080014ec                __aeabi_dcmple
                0x08001500                __aeabi_dcmpge
                0x08001514                __aeabi_dcmpgt
 .text          0x08001528       0x2c c:/progra~1/gcc-ar~1.10/bin/../lib/gcc/arm-none-eabi/10.3.1/thumb/v7e-m/nofp\libgcc.a(_arm_unorddf2.o)
                0x08001528                __unorddf2
                0x08001528                __aeabi_dcmpun
 .text          0x08001554       0x50 c:/progra~1/gcc-ar~1.10/bin/../lib/gcc/arm-none-eabi/10.3.1/thumb/v7e-m/nofp\libgcc.a(_arm_fixdfsi.o)
                0x08001554                __aeabi_d2iz
                0x08001554                __fixdfsi
 *(.text*)
 .text.MX_GPIO_Init
                0x080015a4       0x4c CMakeFiles/VET6_HALL_speed.elf.dir/Core/Src/gpio.c.obj
                0x080015a4                MX_GPIO_Init
 .text.HALLSensor_Init
                0x080015f0       0xdc CMakeFiles/VET6_HALL_speed.elf.dir/Core/Src/main.c.obj
                0x080015f0                HALLSensor_Init
 .text.HALL_GetPhase1
                0x080016cc       0x30 CMakeFiles/VET6_HALL_speed.elf.dir/Core/Src/main.c.obj
                0x080016cc                HALL_GetPhase1
 .text.convert  0x080016fc       0x38 CMakeFiles/VET6_HALL_speed.elf.dir/Core/Src/main.c.obj
                0x080016fc                convert
 .text.HAL_TIM_IC_CaptureCallback
                0x08001734       0x30 CMakeFiles/VET6_HALL_speed.elf.dir/Core/Src/main.c.obj
                0x08001734                HAL_TIM_IC_CaptureCallback
 .text.HAL_SYSTICK_Callback
                0x08001764       0x24 CMakeFiles/VET6_HALL_speed.elf.dir/Core/Src/main.c.obj
                0x08001764                HAL_SYSTICK_Callback
 .text.Error_Handler
                0x08001788        0x4 CMakeFiles/VET6_HALL_speed.elf.dir/Core/Src/main.c.obj
                0x08001788                Error_Handler
 .text.SystemClock_Config
                0x0800178c       0xd0 CMakeFiles/VET6_HALL_speed.elf.dir/Core/Src/main.c.obj
                0x0800178c                SystemClock_Config
 .text.main     0x0800185c       0xfc CMakeFiles/VET6_HALL_speed.elf.dir/Core/Src/main.c.obj
                0x0800185c                main
 .text.RetargetInit
                0x08001958       0x20 CMakeFiles/VET6_HALL_speed.elf.dir/Core/Src/retarget.c.obj
                0x08001958                RetargetInit
 .text._isatty  0x08001978       0x16 CMakeFiles/VET6_HALL_speed.elf.dir/Core/Src/retarget.c.obj
                0x08001978                _isatty
 *fill*         0x0800198e        0x2 
 .text._write   0x08001990       0x34 CMakeFiles/VET6_HALL_speed.elf.dir/Core/Src/retarget.c.obj
                0x08001990                _write
 .text._close   0x080019c4       0x18 CMakeFiles/VET6_HALL_speed.elf.dir/Core/Src/retarget.c.obj
                0x080019c4                _close
 .text._lseek   0x080019dc       0x10 CMakeFiles/VET6_HALL_speed.elf.dir/Core/Src/retarget.c.obj
                0x080019dc                _lseek
 .text._read    0x080019ec       0x30 CMakeFiles/VET6_HALL_speed.elf.dir/Core/Src/retarget.c.obj
                0x080019ec                _read
 .text._fstat   0x08001a1c       0x1a CMakeFiles/VET6_HALL_speed.elf.dir/Core/Src/retarget.c.obj
                0x08001a1c                _fstat
 *fill*         0x08001a36        0x2 
 .text.HAL_MspInit
                0x08001a38       0x40 CMakeFiles/VET6_HALL_speed.elf.dir/Core/Src/stm32f4xx_hal_msp.c.obj
                0x08001a38                HAL_MspInit
 .text.NMI_Handler
                0x08001a78        0x2 CMakeFiles/VET6_HALL_speed.elf.dir/Core/Src/stm32f4xx_it.c.obj
                0x08001a78                NMI_Handler
 .text.HardFault_Handler
                0x08001a7a        0x2 CMakeFiles/VET6_HALL_speed.elf.dir/Core/Src/stm32f4xx_it.c.obj
                0x08001a7a                HardFault_Handler
 .text.MemManage_Handler
                0x08001a7c        0x2 CMakeFiles/VET6_HALL_speed.elf.dir/Core/Src/stm32f4xx_it.c.obj
                0x08001a7c                MemManage_Handler
 .text.BusFault_Handler
                0x08001a7e        0x2 CMakeFiles/VET6_HALL_speed.elf.dir/Core/Src/stm32f4xx_it.c.obj
                0x08001a7e                BusFault_Handler
 .text.UsageFault_Handler
                0x08001a80        0x2 CMakeFiles/VET6_HALL_speed.elf.dir/Core/Src/stm32f4xx_it.c.obj
                0x08001a80                UsageFault_Handler
 .text.SVC_Handler
                0x08001a82        0x2 CMakeFiles/VET6_HALL_speed.elf.dir/Core/Src/stm32f4xx_it.c.obj
                0x08001a82                SVC_Handler
 .text.DebugMon_Handler
                0x08001a84        0x2 CMakeFiles/VET6_HALL_speed.elf.dir/Core/Src/stm32f4xx_it.c.obj
                0x08001a84                DebugMon_Handler
 .text.PendSV_Handler
                0x08001a86        0x2 CMakeFiles/VET6_HALL_speed.elf.dir/Core/Src/stm32f4xx_it.c.obj
                0x08001a86                PendSV_Handler
 .text.SysTick_Handler
                0x08001a88        0xc CMakeFiles/VET6_HALL_speed.elf.dir/Core/Src/stm32f4xx_it.c.obj
                0x08001a88                SysTick_Handler
 .text.TIM2_IRQHandler
                0x08001a94       0x10 CMakeFiles/VET6_HALL_speed.elf.dir/Core/Src/stm32f4xx_it.c.obj
                0x08001a94                TIM2_IRQHandler
 .text._getpid  0x08001aa4        0x4 CMakeFiles/VET6_HALL_speed.elf.dir/Core/Src/syscalls.c.obj
                0x08001aa4                _getpid
 .text._kill    0x08001aa8       0x10 CMakeFiles/VET6_HALL_speed.elf.dir/Core/Src/syscalls.c.obj
                0x08001aa8                _kill
 .text._exit    0x08001ab8        0xc CMakeFiles/VET6_HALL_speed.elf.dir/Core/Src/syscalls.c.obj
                0x08001ab8                _exit
 .text._sbrk    0x08001ac4       0x48 CMakeFiles/VET6_HALL_speed.elf.dir/Core/Src/sysmem.c.obj
                0x08001ac4                _sbrk
 .text.SystemInit
                0x08001b0c        0x2 CMakeFiles/VET6_HALL_speed.elf.dir/Core/Src/system_stm32f4xx.c.obj
                0x08001b0c                SystemInit
 *fill*         0x08001b0e        0x2 
 .text.MX_TIM1_Init
                0x08001b10       0x68 CMakeFiles/VET6_HALL_speed.elf.dir/Core/Src/tim.c.obj
                0x08001b10                MX_TIM1_Init
 .text.MX_TIM2_Init
                0x08001b78       0x5c CMakeFiles/VET6_HALL_speed.elf.dir/Core/Src/tim.c.obj
                0x08001b78                MX_TIM2_Init
 .text.HAL_TIM_Encoder_MspInit
                0x08001bd4       0x6c CMakeFiles/VET6_HALL_speed.elf.dir/Core/Src/tim.c.obj
                0x08001bd4                HAL_TIM_Encoder_MspInit
 .text.HAL_TIMEx_HallSensor_MspInit
                0x08001c40       0x74 CMakeFiles/VET6_HALL_speed.elf.dir/Core/Src/tim.c.obj
                0x08001c40                HAL_TIMEx_HallSensor_MspInit
 .text.MX_USART1_UART_Init
                0x08001cb4       0x34 CMakeFiles/VET6_HALL_speed.elf.dir/Core/Src/usart.c.obj
                0x08001cb4                MX_USART1_UART_Init
 .text.HAL_UART_MspInit
                0x08001ce8       0x74 CMakeFiles/VET6_HALL_speed.elf.dir/Core/Src/usart.c.obj
                0x08001ce8                HAL_UART_MspInit
 .text.Reset_Handler
                0x08001d5c       0x50 CMakeFiles/VET6_HALL_speed.elf.dir/Core/Startup/startup_stm32f407vetx.s.obj
                0x08001d5c                Reset_Handler
 .text.Default_Handler
                0x08001dac        0x2 CMakeFiles/VET6_HALL_speed.elf.dir/Core/Startup/startup_stm32f407vetx.s.obj
                0x08001dac                RTC_Alarm_IRQHandler
                0x08001dac                HASH_RNG_IRQHandler
                0x08001dac                EXTI2_IRQHandler
                0x08001dac                TIM8_CC_IRQHandler
                0x08001dac                TIM1_CC_IRQHandler
                0x08001dac                DMA2_Stream5_IRQHandler
                0x08001dac                DMA1_Stream5_IRQHandler
                0x08001dac                PVD_IRQHandler
                0x08001dac                SDIO_IRQHandler
                0x08001dac                TAMP_STAMP_IRQHandler
                0x08001dac                CAN2_RX1_IRQHandler
                0x08001dac                EXTI3_IRQHandler
                0x08001dac                TIM8_TRG_COM_TIM14_IRQHandler
                0x08001dac                TIM1_UP_TIM10_IRQHandler
                0x08001dac                TIM8_UP_TIM13_IRQHandler
                0x08001dac                I2C3_ER_IRQHandler
                0x08001dac                EXTI0_IRQHandler
                0x08001dac                I2C2_EV_IRQHandler
                0x08001dac                DMA1_Stream2_IRQHandler
                0x08001dac                CAN1_RX0_IRQHandler
                0x08001dac                FPU_IRQHandler
                0x08001dac                OTG_HS_WKUP_IRQHandler
                0x08001dac                CAN2_SCE_IRQHandler
                0x08001dac                DMA2_Stream2_IRQHandler
                0x08001dac                SPI1_IRQHandler
                0x08001dac                TIM6_DAC_IRQHandler
                0x08001dac                TIM1_BRK_TIM9_IRQHandler
                0x08001dac                DCMI_IRQHandler
                0x08001dac                CAN2_RX0_IRQHandler
                0x08001dac                DMA2_Stream3_IRQHandler
                0x08001dac                USART6_IRQHandler
                0x08001dac                USART3_IRQHandler
                0x08001dac                CAN1_RX1_IRQHandler
                0x08001dac                UART5_IRQHandler
                0x08001dac                DMA2_Stream0_IRQHandler
                0x08001dac                TIM4_IRQHandler
                0x08001dac                I2C1_EV_IRQHandler
                0x08001dac                DMA1_Stream6_IRQHandler
                0x08001dac                DMA1_Stream1_IRQHandler
                0x08001dac                UART4_IRQHandler
                0x08001dac                TIM3_IRQHandler
                0x08001dac                RCC_IRQHandler
                0x08001dac                TIM8_BRK_TIM12_IRQHandler
                0x08001dac                Default_Handler
                0x08001dac                EXTI15_10_IRQHandler
                0x08001dac                ADC_IRQHandler
                0x08001dac                DMA1_Stream7_IRQHandler
                0x08001dac                TIM7_IRQHandler
                0x08001dac                CAN2_TX_IRQHandler
                0x08001dac                TIM5_IRQHandler
                0x08001dac                DMA2_Stream7_IRQHandler
                0x08001dac                I2C3_EV_IRQHandler
                0x08001dac                EXTI9_5_IRQHandler
                0x08001dac                RTC_WKUP_IRQHandler
                0x08001dac                ETH_WKUP_IRQHandler
                0x08001dac                SPI2_IRQHandler
                0x08001dac                OTG_HS_EP1_IN_IRQHandler
                0x08001dac                DMA1_Stream0_IRQHandler
                0x08001dac                CAN1_TX_IRQHandler
                0x08001dac                EXTI4_IRQHandler
                0x08001dac                FSMC_IRQHandler
                0x08001dac                ETH_IRQHandler
                0x08001dac                OTG_HS_EP1_OUT_IRQHandler
                0x08001dac                WWDG_IRQHandler
                0x08001dac                OTG_FS_WKUP_IRQHandler
                0x08001dac                TIM1_TRG_COM_TIM11_IRQHandler
                0x08001dac                OTG_HS_IRQHandler
                0x08001dac                EXTI1_IRQHandler
                0x08001dac                USART2_IRQHandler
                0x08001dac                I2C2_ER_IRQHandler
                0x08001dac                DMA2_Stream1_IRQHandler
                0x08001dac                CAN1_SCE_IRQHandler
                0x08001dac                FLASH_IRQHandler
                0x08001dac                DMA2_Stream4_IRQHandler
                0x08001dac                USART1_IRQHandler
                0x08001dac                OTG_FS_IRQHandler
                0x08001dac                SPI3_IRQHandler
                0x08001dac                DMA1_Stream4_IRQHandler
                0x08001dac                I2C1_ER_IRQHandler
                0x08001dac                DMA2_Stream6_IRQHandler
                0x08001dac                DMA1_Stream3_IRQHandler
 *fill*         0x08001dae        0x2 
 .text.HAL_InitTick
                0x08001db0       0x4c CMakeFiles/VET6_HALL_speed.elf.dir/Drivers/STM32F4xx_HAL_Driver/Src/stm32f4xx_hal.c.obj
                0x08001db0                HAL_InitTick
 .text.HAL_Init
                0x08001dfc       0x34 CMakeFiles/VET6_HALL_speed.elf.dir/Drivers/STM32F4xx_HAL_Driver/Src/stm32f4xx_hal.c.obj
                0x08001dfc                HAL_Init
 .text.HAL_IncTick
                0x08001e30       0x18 CMakeFiles/VET6_HALL_speed.elf.dir/Drivers/STM32F4xx_HAL_Driver/Src/stm32f4xx_hal.c.obj
                0x08001e30                HAL_IncTick
 .text.HAL_GetTick
                0x08001e48        0xc CMakeFiles/VET6_HALL_speed.elf.dir/Drivers/STM32F4xx_HAL_Driver/Src/stm32f4xx_hal.c.obj
                0x08001e48                HAL_GetTick
 .text.HAL_NVIC_SetPriorityGrouping
                0x08001e54       0x24 CMakeFiles/VET6_HALL_speed.elf.dir/Drivers/STM32F4xx_HAL_Driver/Src/stm32f4xx_hal_cortex.c.obj
                0x08001e54                HAL_NVIC_SetPriorityGrouping
 .text.HAL_NVIC_SetPriority
                0x08001e78       0x70 CMakeFiles/VET6_HALL_speed.elf.dir/Drivers/STM32F4xx_HAL_Driver/Src/stm32f4xx_hal_cortex.c.obj
                0x08001e78                HAL_NVIC_SetPriority
 .text.HAL_NVIC_EnableIRQ
                0x08001ee8       0x1c CMakeFiles/VET6_HALL_speed.elf.dir/Drivers/STM32F4xx_HAL_Driver/Src/stm32f4xx_hal_cortex.c.obj
                0x08001ee8                HAL_NVIC_EnableIRQ
 .text.HAL_SYSTICK_Config
                0x08001f04       0x28 CMakeFiles/VET6_HALL_speed.elf.dir/Drivers/STM32F4xx_HAL_Driver/Src/stm32f4xx_hal_cortex.c.obj
                0x08001f04                HAL_SYSTICK_Config
 .text.HAL_SYSTICK_CLKSourceConfig
                0x08001f2c       0x20 CMakeFiles/VET6_HALL_speed.elf.dir/Drivers/STM32F4xx_HAL_Driver/Src/stm32f4xx_hal_cortex.c.obj
                0x08001f2c                HAL_SYSTICK_CLKSourceConfig
 .text.HAL_SYSTICK_IRQHandler
                0x08001f4c        0x8 CMakeFiles/VET6_HALL_speed.elf.dir/Drivers/STM32F4xx_HAL_Driver/Src/stm32f4xx_hal_cortex.c.obj
                0x08001f4c                HAL_SYSTICK_IRQHandler
 .text.HAL_GPIO_Init
                0x08001f54      0x1e4 CMakeFiles/VET6_HALL_speed.elf.dir/Drivers/STM32F4xx_HAL_Driver/Src/stm32f4xx_hal_gpio.c.obj
                0x08001f54                HAL_GPIO_Init
 .text.HAL_GPIO_ReadPin
                0x08002138        0xe CMakeFiles/VET6_HALL_speed.elf.dir/Drivers/STM32F4xx_HAL_Driver/Src/stm32f4xx_hal_gpio.c.obj
                0x08002138                HAL_GPIO_ReadPin
 *fill*         0x08002146        0x2 
 .text.HAL_RCC_OscConfig
                0x08002148      0x3f8 CMakeFiles/VET6_HALL_speed.elf.dir/Drivers/STM32F4xx_HAL_Driver/Src/stm32f4xx_hal_rcc.c.obj
                0x08002148                HAL_RCC_OscConfig
 .text.HAL_RCC_GetSysClockFreq
                0x08002540       0xd4 CMakeFiles/VET6_HALL_speed.elf.dir/Drivers/STM32F4xx_HAL_Driver/Src/stm32f4xx_hal_rcc.c.obj
                0x08002540                HAL_RCC_GetSysClockFreq
 .text.HAL_RCC_ClockConfig
                0x08002614      0x160 CMakeFiles/VET6_HALL_speed.elf.dir/Drivers/STM32F4xx_HAL_Driver/Src/stm32f4xx_hal_rcc.c.obj
                0x08002614                HAL_RCC_ClockConfig
 .text.HAL_RCC_GetHCLKFreq
                0x08002774        0xc CMakeFiles/VET6_HALL_speed.elf.dir/Drivers/STM32F4xx_HAL_Driver/Src/stm32f4xx_hal_rcc.c.obj
                0x08002774                HAL_RCC_GetHCLKFreq
 .text.HAL_RCC_GetPCLK1Freq
                0x08002780       0x20 CMakeFiles/VET6_HALL_speed.elf.dir/Drivers/STM32F4xx_HAL_Driver/Src/stm32f4xx_hal_rcc.c.obj
                0x08002780                HAL_RCC_GetPCLK1Freq
 .text.HAL_RCC_GetPCLK2Freq
                0x080027a0       0x20 CMakeFiles/VET6_HALL_speed.elf.dir/Drivers/STM32F4xx_HAL_Driver/Src/stm32f4xx_hal_rcc.c.obj
                0x080027a0                HAL_RCC_GetPCLK2Freq
 .text.TIM_TI2_SetConfig
                0x080027c0       0x36 CMakeFiles/VET6_HALL_speed.elf.dir/Drivers/STM32F4xx_HAL_Driver/Src/stm32f4xx_hal_tim.c.obj
 .text.TIM_TI3_SetConfig
                0x080027f6       0x36 CMakeFiles/VET6_HALL_speed.elf.dir/Drivers/STM32F4xx_HAL_Driver/Src/stm32f4xx_hal_tim.c.obj
 .text.TIM_TI4_SetConfig
                0x0800282c       0x36 CMakeFiles/VET6_HALL_speed.elf.dir/Drivers/STM32F4xx_HAL_Driver/Src/stm32f4xx_hal_tim.c.obj
 .text.HAL_TIM_Base_MspInit
                0x08002862        0x2 CMakeFiles/VET6_HALL_speed.elf.dir/Drivers/STM32F4xx_HAL_Driver/Src/stm32f4xx_hal_tim.c.obj
                0x08002862                HAL_TIM_Base_MspInit
 .text.HAL_TIM_Base_Start
                0x08002864       0x7c CMakeFiles/VET6_HALL_speed.elf.dir/Drivers/STM32F4xx_HAL_Driver/Src/stm32f4xx_hal_tim.c.obj
                0x08002864                HAL_TIM_Base_Start
 .text.HAL_TIM_PeriodElapsedCallback
                0x080028e0        0x2 CMakeFiles/VET6_HALL_speed.elf.dir/Drivers/STM32F4xx_HAL_Driver/Src/stm32f4xx_hal_tim.c.obj
                0x080028e0                HAL_TIM_PeriodElapsedCallback
 .text.HAL_TIM_OC_DelayElapsedCallback
                0x080028e2        0x2 CMakeFiles/VET6_HALL_speed.elf.dir/Drivers/STM32F4xx_HAL_Driver/Src/stm32f4xx_hal_tim.c.obj
                0x080028e2                HAL_TIM_OC_DelayElapsedCallback
 .text.HAL_TIM_PWM_PulseFinishedCallback
                0x080028e4        0x2 CMakeFiles/VET6_HALL_speed.elf.dir/Drivers/STM32F4xx_HAL_Driver/Src/stm32f4xx_hal_tim.c.obj
                0x080028e4                HAL_TIM_PWM_PulseFinishedCallback
 .text.HAL_TIM_TriggerCallback
                0x080028e6        0x2 CMakeFiles/VET6_HALL_speed.elf.dir/Drivers/STM32F4xx_HAL_Driver/Src/stm32f4xx_hal_tim.c.obj
                0x080028e6                HAL_TIM_TriggerCallback
 .text.HAL_TIM_IRQHandler
                0x080028e8      0x17a CMakeFiles/VET6_HALL_speed.elf.dir/Drivers/STM32F4xx_HAL_Driver/Src/stm32f4xx_hal_tim.c.obj
                0x080028e8                HAL_TIM_IRQHandler
 *fill*         0x08002a62        0x2 
 .text.TIM_Base_SetConfig
                0x08002a64       0xc8 CMakeFiles/VET6_HALL_speed.elf.dir/Drivers/STM32F4xx_HAL_Driver/Src/stm32f4xx_hal_tim.c.obj
                0x08002a64                TIM_Base_SetConfig
 .text.HAL_TIM_Base_Init
                0x08002b2c       0x58 CMakeFiles/VET6_HALL_speed.elf.dir/Drivers/STM32F4xx_HAL_Driver/Src/stm32f4xx_hal_tim.c.obj
                0x08002b2c                HAL_TIM_Base_Init
 .text.HAL_TIM_Encoder_Init
                0x08002b84       0xb8 CMakeFiles/VET6_HALL_speed.elf.dir/Drivers/STM32F4xx_HAL_Driver/Src/stm32f4xx_hal_tim.c.obj
                0x08002b84                HAL_TIM_Encoder_Init
 .text.TIM_OC2_SetConfig
                0x08002c3c       0x70 CMakeFiles/VET6_HALL_speed.elf.dir/Drivers/STM32F4xx_HAL_Driver/Src/stm32f4xx_hal_tim.c.obj
                0x08002c3c                TIM_OC2_SetConfig
 .text.TIM_TI1_SetConfig
                0x08002cac       0x7c CMakeFiles/VET6_HALL_speed.elf.dir/Drivers/STM32F4xx_HAL_Driver/Src/stm32f4xx_hal_tim.c.obj
                0x08002cac                TIM_TI1_SetConfig
 .text.HAL_TIM_IC_ConfigChannel
                0x08002d28       0xc4 CMakeFiles/VET6_HALL_speed.elf.dir/Drivers/STM32F4xx_HAL_Driver/Src/stm32f4xx_hal_tim.c.obj
                0x08002d28                HAL_TIM_IC_ConfigChannel
 .text.TIM_CCxChannelCmd
                0x08002dec       0x1e CMakeFiles/VET6_HALL_speed.elf.dir/Drivers/STM32F4xx_HAL_Driver/Src/stm32f4xx_hal_tim.c.obj
                0x08002dec                TIM_CCxChannelCmd
 *fill*         0x08002e0a        0x2 
 .text.HAL_TIM_IC_Start_IT
                0x08002e0c      0x174 CMakeFiles/VET6_HALL_speed.elf.dir/Drivers/STM32F4xx_HAL_Driver/Src/stm32f4xx_hal_tim.c.obj
                0x08002e0c                HAL_TIM_IC_Start_IT
 .text.HAL_TIM_Encoder_Start
                0x08002f80       0xcc CMakeFiles/VET6_HALL_speed.elf.dir/Drivers/STM32F4xx_HAL_Driver/Src/stm32f4xx_hal_tim.c.obj
                0x08002f80                HAL_TIM_Encoder_Start
 .text.HAL_TIMEx_HallSensor_Init
                0x0800304c       0xd4 CMakeFiles/VET6_HALL_speed.elf.dir/Drivers/STM32F4xx_HAL_Driver/Src/stm32f4xx_hal_tim_ex.c.obj
                0x0800304c                HAL_TIMEx_HallSensor_Init
 .text.HAL_TIMEx_MasterConfigSynchronization
                0x08003120       0x8c CMakeFiles/VET6_HALL_speed.elf.dir/Drivers/STM32F4xx_HAL_Driver/Src/stm32f4xx_hal_tim_ex.c.obj
                0x08003120                HAL_TIMEx_MasterConfigSynchronization
 .text.HAL_TIMEx_CommutCallback
                0x080031ac        0x2 CMakeFiles/VET6_HALL_speed.elf.dir/Drivers/STM32F4xx_HAL_Driver/Src/stm32f4xx_hal_tim_ex.c.obj
                0x080031ac                HAL_TIMEx_CommutCallback
 .text.HAL_TIMEx_BreakCallback
                0x080031ae        0x2 CMakeFiles/VET6_HALL_speed.elf.dir/Drivers/STM32F4xx_HAL_Driver/Src/stm32f4xx_hal_tim_ex.c.obj
                0x080031ae                HAL_TIMEx_BreakCallback
 .text.UART_SetConfig
                0x080031b0      0x110 CMakeFiles/VET6_HALL_speed.elf.dir/Drivers/STM32F4xx_HAL_Driver/Src/stm32f4xx_hal_uart.c.obj
 .text.UART_WaitOnFlagUntilTimeout
                0x080032c0       0x88 CMakeFiles/VET6_HALL_speed.elf.dir/Drivers/STM32F4xx_HAL_Driver/Src/stm32f4xx_hal_uart.c.obj
 .text.HAL_UART_Init
                0x08003348       0x5e CMakeFiles/VET6_HALL_speed.elf.dir/Drivers/STM32F4xx_HAL_Driver/Src/stm32f4xx_hal_uart.c.obj
                0x08003348                HAL_UART_Init
 .text.HAL_UART_Transmit
                0x080033a6       0xd8 CMakeFiles/VET6_HALL_speed.elf.dir/Drivers/STM32F4xx_HAL_Driver/Src/stm32f4xx_hal_uart.c.obj
                0x080033a6                HAL_UART_Transmit
 .text.HAL_UART_Receive
                0x0800347e       0xe4 CMakeFiles/VET6_HALL_speed.elf.dir/Drivers/STM32F4xx_HAL_Driver/Src/stm32f4xx_hal_uart.c.obj
                0x0800347e                HAL_UART_Receive
 *fill*         0x08003562        0x2 
 .text.__errno  0x08003564        0xc c:/progra~1/gcc-ar~1.10/bin/../lib/gcc/arm-none-eabi/10.3.1/../../../../arm-none-eabi/lib/thumb/v7e-m/nofp\libg.a(lib_a-errno.o)
                0x08003564                __errno
 .text.__libc_init_array
                0x08003570       0x48 c:/progra~1/gcc-ar~1.10/bin/../lib/gcc/arm-none-eabi/10.3.1/../../../../arm-none-eabi/lib/thumb/v7e-m/nofp\libg.a(lib_a-init.o)
                0x08003570                __libc_init_array
 .text.memset   0x080035b8       0xa4 c:/progra~1/gcc-ar~1.10/bin/../lib/gcc/arm-none-eabi/10.3.1/../../../../arm-none-eabi/lib/thumb/v7e-m/nofp\libg.a(lib_a-memset.o)
                0x080035b8                memset
 .text.printf   0x0800365c       0x28 c:/progra~1/gcc-ar~1.10/bin/../lib/gcc/arm-none-eabi/10.3.1/../../../../arm-none-eabi/lib/thumb/v7e-m/nofp\libg.a(lib_a-printf.o)
                0x0800365c                printf
 .text._puts_r  0x08003684       0x9c c:/progra~1/gcc-ar~1.10/bin/../lib/gcc/arm-none-eabi/10.3.1/../../../../arm-none-eabi/lib/thumb/v7e-m/nofp\libg.a(lib_a-puts.o)
                0x08003684                _puts_r
 .text.puts     0x08003720       0x10 c:/progra~1/gcc-ar~1.10/bin/../lib/gcc/arm-none-eabi/10.3.1/../../../../arm-none-eabi/lib/thumb/v7e-m/nofp\libg.a(lib_a-puts.o)
                0x08003720                puts
 .text.setvbuf  0x08003730      0x1b0 c:/progra~1/gcc-ar~1.10/bin/../lib/gcc/arm-none-eabi/10.3.1/../../../../arm-none-eabi/lib/thumb/v7e-m/nofp\libg.a(lib_a-setvbuf.o)
                0x08003730                setvbuf
 .text._vfprintf_r
                0x080038e0     0x1ad4 c:/progra~1/gcc-ar~1.10/bin/../lib/gcc/arm-none-eabi/10.3.1/../../../../arm-none-eabi/lib/thumb/v7e-m/nofp\libg.a(lib_a-vfprintf.o)
                0x080038e0                _vfprintf_r
 .text.__sbprintf
                0x080053b4       0x80 c:/progra~1/gcc-ar~1.10/bin/../lib/gcc/arm-none-eabi/10.3.1/../../../../arm-none-eabi/lib/thumb/v7e-m/nofp\libg.a(lib_a-vfprintf.o)
 .text.__swsetup_r
                0x08005434       0xd4 c:/progra~1/gcc-ar~1.10/bin/../lib/gcc/arm-none-eabi/10.3.1/../../../../arm-none-eabi/lib/thumb/v7e-m/nofp\libg.a(lib_a-wsetup.o)
                0x08005434                __swsetup_r
 .text.startup.register_fini
                0x08005508       0x14 c:/progra~1/gcc-ar~1.10/bin/../lib/gcc/arm-none-eabi/10.3.1/../../../../arm-none-eabi/lib/thumb/v7e-m/nofp\libg.a(lib_a-__call_atexit.o)
 .text.atexit   0x0800551c        0xc c:/progra~1/gcc-ar~1.10/bin/../lib/gcc/arm-none-eabi/10.3.1/../../../../arm-none-eabi/lib/thumb/v7e-m/nofp\libg.a(lib_a-atexit.o)
                0x0800551c                atexit
 .text.quorem   0x08005528      0x124 c:/progra~1/gcc-ar~1.10/bin/../lib/gcc/arm-none-eabi/10.3.1/../../../../arm-none-eabi/lib/thumb/v7e-m/nofp\libg.a(lib_a-dtoa.o)
 *fill*         0x0800564c        0x4 
 .text._dtoa_r  0x08005650      0xec4 c:/progra~1/gcc-ar~1.10/bin/../lib/gcc/arm-none-eabi/10.3.1/../../../../arm-none-eabi/lib/thumb/v7e-m/nofp\libg.a(lib_a-dtoa.o)
                0x08005650                _dtoa_r
 .text.__sflush_r
                0x08006514      0x120 c:/progra~1/gcc-ar~1.10/bin/../lib/gcc/arm-none-eabi/10.3.1/../../../../arm-none-eabi/lib/thumb/v7e-m/nofp\libg.a(lib_a-fflush.o)
                0x08006514                __sflush_r
 .text._fflush_r
                0x08006634       0x5c c:/progra~1/gcc-ar~1.10/bin/../lib/gcc/arm-none-eabi/10.3.1/../../../../arm-none-eabi/lib/thumb/v7e-m/nofp\libg.a(lib_a-fflush.o)
                0x08006634                _fflush_r
 .text._cleanup_r
                0x08006690        0xc c:/progra~1/gcc-ar~1.10/bin/../lib/gcc/arm-none-eabi/10.3.1/../../../../arm-none-eabi/lib/thumb/v7e-m/nofp\libg.a(lib_a-findfp.o)
                0x08006690                _cleanup_r
 .text.__sinit  0x0800669c      0x10c c:/progra~1/gcc-ar~1.10/bin/../lib/gcc/arm-none-eabi/10.3.1/../../../../arm-none-eabi/lib/thumb/v7e-m/nofp\libg.a(lib_a-findfp.o)
                0x0800669c                __sinit
 .text.__sfp_lock_acquire
                0x080067a8        0xc c:/progra~1/gcc-ar~1.10/bin/../lib/gcc/arm-none-eabi/10.3.1/../../../../arm-none-eabi/lib/thumb/v7e-m/nofp\libg.a(lib_a-findfp.o)
                0x080067a8                __sfp_lock_acquire
 .text.__sfp_lock_release
                0x080067b4        0xc c:/progra~1/gcc-ar~1.10/bin/../lib/gcc/arm-none-eabi/10.3.1/../../../../arm-none-eabi/lib/thumb/v7e-m/nofp\libg.a(lib_a-findfp.o)
                0x080067b4                __sfp_lock_release
 .text.__libc_fini_array
                0x080067c0       0x2c c:/progra~1/gcc-ar~1.10/bin/../lib/gcc/arm-none-eabi/10.3.1/../../../../arm-none-eabi/lib/thumb/v7e-m/nofp\libg.a(lib_a-fini.o)
                0x080067c0                __libc_fini_array
 .text._malloc_trim_r
                0x080067ec       0xa0 c:/progra~1/gcc-ar~1.10/bin/../lib/gcc/arm-none-eabi/10.3.1/../../../../arm-none-eabi/lib/thumb/v7e-m/nofp\libg.a(lib_a-freer.o)
                0x080067ec                _malloc_trim_r
 .text._free_r  0x0800688c      0x20c c:/progra~1/gcc-ar~1.10/bin/../lib/gcc/arm-none-eabi/10.3.1/../../../../arm-none-eabi/lib/thumb/v7e-m/nofp\libg.a(lib_a-freer.o)
                0x0800688c                _free_r
 .text.__sfvwrite_r
                0x08006a98      0x2e8 c:/progra~1/gcc-ar~1.10/bin/../lib/gcc/arm-none-eabi/10.3.1/../../../../arm-none-eabi/lib/thumb/v7e-m/nofp\libg.a(lib_a-fvwrite.o)
                0x08006a98                __sfvwrite_r
 .text._fwalk_reent
                0x08006d80       0x48 c:/progra~1/gcc-ar~1.10/bin/../lib/gcc/arm-none-eabi/10.3.1/../../../../arm-none-eabi/lib/thumb/v7e-m/nofp\libg.a(lib_a-fwalk.o)
                0x08006d80                _fwalk_reent
 .text._localeconv_r
                0x08006dc8        0x8 c:/progra~1/gcc-ar~1.10/bin/../lib/gcc/arm-none-eabi/10.3.1/../../../../arm-none-eabi/lib/thumb/v7e-m/nofp\libg.a(lib_a-localeconv.o)
                0x08006dc8                _localeconv_r
 .text.__retarget_lock_init_recursive
                0x08006dd0        0x4 c:/progra~1/gcc-ar~1.10/bin/../lib/gcc/arm-none-eabi/10.3.1/../../../../arm-none-eabi/lib/thumb/v7e-m/nofp\libg.a(lib_a-lock.o)
                0x08006dd0                __retarget_lock_init_recursive
 .text.__retarget_lock_close_recursive
                0x08006dd4        0x4 c:/progra~1/gcc-ar~1.10/bin/../lib/gcc/arm-none-eabi/10.3.1/../../../../arm-none-eabi/lib/thumb/v7e-m/nofp\libg.a(lib_a-lock.o)
                0x08006dd4                __retarget_lock_close_recursive
 .text.__retarget_lock_acquire_recursive
                0x08006dd8        0x4 c:/progra~1/gcc-ar~1.10/bin/../lib/gcc/arm-none-eabi/10.3.1/../../../../arm-none-eabi/lib/thumb/v7e-m/nofp\libg.a(lib_a-lock.o)
                0x08006dd8                __retarget_lock_acquire_recursive
 .text.__retarget_lock_release_recursive
                0x08006ddc        0x4 c:/progra~1/gcc-ar~1.10/bin/../lib/gcc/arm-none-eabi/10.3.1/../../../../arm-none-eabi/lib/thumb/v7e-m/nofp\libg.a(lib_a-lock.o)
                0x08006ddc                __retarget_lock_release_recursive
 .text.__smakebuf_r
                0x08006de0       0xe0 c:/progra~1/gcc-ar~1.10/bin/../lib/gcc/arm-none-eabi/10.3.1/../../../../arm-none-eabi/lib/thumb/v7e-m/nofp\libg.a(lib_a-makebuf.o)
                0x08006de0                __smakebuf_r
 .text.__swhatbuf_r
                0x08006ec0       0x60 c:/progra~1/gcc-ar~1.10/bin/../lib/gcc/arm-none-eabi/10.3.1/../../../../arm-none-eabi/lib/thumb/v7e-m/nofp\libg.a(lib_a-makebuf.o)
                0x08006ec0                __swhatbuf_r
 .text.malloc   0x08006f20       0x10 c:/progra~1/gcc-ar~1.10/bin/../lib/gcc/arm-none-eabi/10.3.1/../../../../arm-none-eabi/lib/thumb/v7e-m/nofp\libg.a(lib_a-malloc.o)
                0x08006f20                malloc
 .text._malloc_r
                0x08006f30      0x560 c:/progra~1/gcc-ar~1.10/bin/../lib/gcc/arm-none-eabi/10.3.1/../../../../arm-none-eabi/lib/thumb/v7e-m/nofp\libg.a(lib_a-mallocr.o)
                0x08006f30                _malloc_r
 .text.memmove  0x08007490       0xf8 c:/progra~1/gcc-ar~1.10/bin/../lib/gcc/arm-none-eabi/10.3.1/../../../../arm-none-eabi/lib/thumb/v7e-m/nofp\libg.a(lib_a-memmove.o)
                0x08007490                memmove
 .text.__malloc_lock
                0x08007588        0xc c:/progra~1/gcc-ar~1.10/bin/../lib/gcc/arm-none-eabi/10.3.1/../../../../arm-none-eabi/lib/thumb/v7e-m/nofp\libg.a(lib_a-mlock.o)
                0x08007588                __malloc_lock
 .text.__malloc_unlock
                0x08007594        0xc c:/progra~1/gcc-ar~1.10/bin/../lib/gcc/arm-none-eabi/10.3.1/../../../../arm-none-eabi/lib/thumb/v7e-m/nofp\libg.a(lib_a-mlock.o)
                0x08007594                __malloc_unlock
 .text._Balloc  0x080075a0       0x4c c:/progra~1/gcc-ar~1.10/bin/../lib/gcc/arm-none-eabi/10.3.1/../../../../arm-none-eabi/lib/thumb/v7e-m/nofp\libg.a(lib_a-mprec.o)
                0x080075a0                _Balloc
 .text._Bfree   0x080075ec       0x14 c:/progra~1/gcc-ar~1.10/bin/../lib/gcc/arm-none-eabi/10.3.1/../../../../arm-none-eabi/lib/thumb/v7e-m/nofp\libg.a(lib_a-mprec.o)
                0x080075ec                _Bfree
 .text.__multadd
                0x08007600       0xa0 c:/progra~1/gcc-ar~1.10/bin/../lib/gcc/arm-none-eabi/10.3.1/../../../../arm-none-eabi/lib/thumb/v7e-m/nofp\libg.a(lib_a-mprec.o)
                0x08007600                __multadd
 .text.__hi0bits
                0x080076a0       0x40 c:/progra~1/gcc-ar~1.10/bin/../lib/gcc/arm-none-eabi/10.3.1/../../../../arm-none-eabi/lib/thumb/v7e-m/nofp\libg.a(lib_a-mprec.o)
                0x080076a0                __hi0bits
 .text.__lo0bits
                0x080076e0       0x5c c:/progra~1/gcc-ar~1.10/bin/../lib/gcc/arm-none-eabi/10.3.1/../../../../arm-none-eabi/lib/thumb/v7e-m/nofp\libg.a(lib_a-mprec.o)
                0x080076e0                __lo0bits
 .text.__i2b    0x0800773c       0x5c c:/progra~1/gcc-ar~1.10/bin/../lib/gcc/arm-none-eabi/10.3.1/../../../../arm-none-eabi/lib/thumb/v7e-m/nofp\libg.a(lib_a-mprec.o)
                0x0800773c                __i2b
 .text.__multiply
                0x08007798      0x15c c:/progra~1/gcc-ar~1.10/bin/../lib/gcc/arm-none-eabi/10.3.1/../../../../arm-none-eabi/lib/thumb/v7e-m/nofp\libg.a(lib_a-mprec.o)
                0x08007798                __multiply
 .text.__pow5mult
                0x080078f4       0xc0 c:/progra~1/gcc-ar~1.10/bin/../lib/gcc/arm-none-eabi/10.3.1/../../../../arm-none-eabi/lib/thumb/v7e-m/nofp\libg.a(lib_a-mprec.o)
                0x080078f4                __pow5mult
 .text.__lshift
                0x080079b4       0xf0 c:/progra~1/gcc-ar~1.10/bin/../lib/gcc/arm-none-eabi/10.3.1/../../../../arm-none-eabi/lib/thumb/v7e-m/nofp\libg.a(lib_a-mprec.o)
                0x080079b4                __lshift
 .text.__mcmp   0x08007aa4       0x40 c:/progra~1/gcc-ar~1.10/bin/../lib/gcc/arm-none-eabi/10.3.1/../../../../arm-none-eabi/lib/thumb/v7e-m/nofp\libg.a(lib_a-mprec.o)
                0x08007aa4                __mcmp
 .text.__mdiff  0x08007ae4      0x14c c:/progra~1/gcc-ar~1.10/bin/../lib/gcc/arm-none-eabi/10.3.1/../../../../arm-none-eabi/lib/thumb/v7e-m/nofp\libg.a(lib_a-mprec.o)
                0x08007ae4                __mdiff
 .text.__d2b    0x08007c30       0xc4 c:/progra~1/gcc-ar~1.10/bin/../lib/gcc/arm-none-eabi/10.3.1/../../../../arm-none-eabi/lib/thumb/v7e-m/nofp\libg.a(lib_a-mprec.o)
                0x08007c30                __d2b
 .text._realloc_r
                0x08007cf4      0x3d8 c:/progra~1/gcc-ar~1.10/bin/../lib/gcc/arm-none-eabi/10.3.1/../../../../arm-none-eabi/lib/thumb/v7e-m/nofp\libg.a(lib_a-reallocr.o)
                0x08007cf4                _realloc_r
 .text.frexp    0x080080cc       0x70 c:/progra~1/gcc-ar~1.10/bin/../lib/gcc/arm-none-eabi/10.3.1/../../../../arm-none-eabi/lib/thumb/v7e-m/nofp\libg.a(lib_a-s_frexp.o)
                0x080080cc                frexp
 .text._sbrk_r  0x0800813c       0x24 c:/progra~1/gcc-ar~1.10/bin/../lib/gcc/arm-none-eabi/10.3.1/../../../../arm-none-eabi/lib/thumb/v7e-m/nofp\libg.a(lib_a-sbrkr.o)
                0x0800813c                _sbrk_r
 .text.__sread  0x08008160       0x24 c:/progra~1/gcc-ar~1.10/bin/../lib/gcc/arm-none-eabi/10.3.1/../../../../arm-none-eabi/lib/thumb/v7e-m/nofp\libg.a(lib_a-stdio.o)
                0x08008160                __sread
 .text.__swrite
                0x08008184       0x40 c:/progra~1/gcc-ar~1.10/bin/../lib/gcc/arm-none-eabi/10.3.1/../../../../arm-none-eabi/lib/thumb/v7e-m/nofp\libg.a(lib_a-stdio.o)
                0x08008184                __swrite
 .text.__sseek  0x080081c4       0x20 c:/progra~1/gcc-ar~1.10/bin/../lib/gcc/arm-none-eabi/10.3.1/../../../../arm-none-eabi/lib/thumb/v7e-m/nofp\libg.a(lib_a-stdio.o)
                0x080081c4                __sseek
 .text.__sclose
                0x080081e4        0x8 c:/progra~1/gcc-ar~1.10/bin/../lib/gcc/arm-none-eabi/10.3.1/../../../../arm-none-eabi/lib/thumb/v7e-m/nofp\libg.a(lib_a-stdio.o)
                0x080081e4                __sclose
 .text.strncpy  0x080081ec       0x64 c:/progra~1/gcc-ar~1.10/bin/../lib/gcc/arm-none-eabi/10.3.1/../../../../arm-none-eabi/lib/thumb/v7e-m/nofp\libg.a(lib_a-strncpy.o)
                0x080081ec                strncpy
 .text.__sprint_r.part.0
                0x08008250       0x78 c:/progra~1/gcc-ar~1.10/bin/../lib/gcc/arm-none-eabi/10.3.1/../../../../arm-none-eabi/lib/thumb/v7e-m/nofp\libg.a(lib_a-vfiprintf.o)
 .text.__sprint_r
                0x080082c8       0x14 c:/progra~1/gcc-ar~1.10/bin/../lib/gcc/arm-none-eabi/10.3.1/../../../../arm-none-eabi/lib/thumb/v7e-m/nofp\libg.a(lib_a-vfiprintf.o)
                0x080082c8                __sprint_r
 .text._vfiprintf_r
                0x080082dc      0xda0 c:/progra~1/gcc-ar~1.10/bin/../lib/gcc/arm-none-eabi/10.3.1/../../../../arm-none-eabi/lib/thumb/v7e-m/nofp\libg.a(lib_a-vfiprintf.o)
                0x080082dc                _vfiprintf_r
 .text.__sbprintf
                0x0800907c       0x80 c:/progra~1/gcc-ar~1.10/bin/../lib/gcc/arm-none-eabi/10.3.1/../../../../arm-none-eabi/lib/thumb/v7e-m/nofp\libg.a(lib_a-vfiprintf.o)
 .text._write_r
                0x080090fc       0x2c c:/progra~1/gcc-ar~1.10/bin/../lib/gcc/arm-none-eabi/10.3.1/../../../../arm-none-eabi/lib/thumb/v7e-m/nofp\libg.a(lib_a-writer.o)
                0x080090fc                _write_r
 .text.__register_exitproc
                0x08009128       0x8c c:/progra~1/gcc-ar~1.10/bin/../lib/gcc/arm-none-eabi/10.3.1/../../../../arm-none-eabi/lib/thumb/v7e-m/nofp\libg.a(lib_a-__atexit.o)
                0x08009128                __register_exitproc
 .text.__assert_func
                0x080091b4       0x40 c:/progra~1/gcc-ar~1.10/bin/../lib/gcc/arm-none-eabi/10.3.1/../../../../arm-none-eabi/lib/thumb/v7e-m/nofp\libg.a(lib_a-assert.o)
                0x080091b4                __assert_func
 .text._calloc_r
                0x080091f4       0x78 c:/progra~1/gcc-ar~1.10/bin/../lib/gcc/arm-none-eabi/10.3.1/../../../../arm-none-eabi/lib/thumb/v7e-m/nofp\libg.a(lib_a-callocr.o)
                0x080091f4                _calloc_r
 .text._close_r
                0x0800926c       0x24 c:/progra~1/gcc-ar~1.10/bin/../lib/gcc/arm-none-eabi/10.3.1/../../../../arm-none-eabi/lib/thumb/v7e-m/nofp\libg.a(lib_a-closer.o)
                0x0800926c                _close_r
 .text._fclose_r
                0x08009290       0xcc c:/progra~1/gcc-ar~1.10/bin/../lib/gcc/arm-none-eabi/10.3.1/../../../../arm-none-eabi/lib/thumb/v7e-m/nofp\libg.a(lib_a-fclose.o)
                0x08009290                _fclose_r
 .text.fiprintf
                0x0800935c       0x28 c:/progra~1/gcc-ar~1.10/bin/../lib/gcc/arm-none-eabi/10.3.1/../../../../arm-none-eabi/lib/thumb/v7e-m/nofp\libg.a(lib_a-fiprintf.o)
                0x0800935c                fiprintf
 .text.__fputwc
                0x08009384       0xa8 c:/progra~1/gcc-ar~1.10/bin/../lib/gcc/arm-none-eabi/10.3.1/../../../../arm-none-eabi/lib/thumb/v7e-m/nofp\libg.a(lib_a-fputwc.o)
                0x08009384                __fputwc
 .text._fputwc_r
                0x0800942c       0x68 c:/progra~1/gcc-ar~1.10/bin/../lib/gcc/arm-none-eabi/10.3.1/../../../../arm-none-eabi/lib/thumb/v7e-m/nofp\libg.a(lib_a-fputwc.o)
                0x0800942c                _fputwc_r
 .text._fstat_r
                0x08009494       0x2c c:/progra~1/gcc-ar~1.10/bin/../lib/gcc/arm-none-eabi/10.3.1/../../../../arm-none-eabi/lib/thumb/v7e-m/nofp\libg.a(lib_a-fstatr.o)
                0x08009494                _fstat_r
 .text._isatty_r
                0x080094c0       0x24 c:/progra~1/gcc-ar~1.10/bin/../lib/gcc/arm-none-eabi/10.3.1/../../../../arm-none-eabi/lib/thumb/v7e-m/nofp\libg.a(lib_a-isattyr.o)
                0x080094c0                _isatty_r
 .text.__locale_mb_cur_max
                0x080094e4        0xc c:/progra~1/gcc-ar~1.10/bin/../lib/gcc/arm-none-eabi/10.3.1/../../../../arm-none-eabi/lib/thumb/v7e-m/nofp\libg.a(lib_a-locale.o)
                0x080094e4                __locale_mb_cur_max
 .text._lseek_r
                0x080094f0       0x2c c:/progra~1/gcc-ar~1.10/bin/../lib/gcc/arm-none-eabi/10.3.1/../../../../arm-none-eabi/lib/thumb/v7e-m/nofp\libg.a(lib_a-lseekr.o)
                0x080094f0                _lseek_r
 .text.__ascii_mbtowc
                0x0800951c       0x2c c:/progra~1/gcc-ar~1.10/bin/../lib/gcc/arm-none-eabi/10.3.1/../../../../arm-none-eabi/lib/thumb/v7e-m/nofp\libg.a(lib_a-mbtowc_r.o)
                0x0800951c                __ascii_mbtowc
 .text._read_r  0x08009548       0x2c c:/progra~1/gcc-ar~1.10/bin/../lib/gcc/arm-none-eabi/10.3.1/../../../../arm-none-eabi/lib/thumb/v7e-m/nofp\libg.a(lib_a-readr.o)
                0x08009548                _read_r
 .text.__swbuf_r
                0x08009574       0xb0 c:/progra~1/gcc-ar~1.10/bin/../lib/gcc/arm-none-eabi/10.3.1/../../../../arm-none-eabi/lib/thumb/v7e-m/nofp\libg.a(lib_a-wbuf.o)
                0x08009574                __swbuf_r
 .text._wcrtomb_r
                0x08009624       0x3c c:/progra~1/gcc-ar~1.10/bin/../lib/gcc/arm-none-eabi/10.3.1/../../../../arm-none-eabi/lib/thumb/v7e-m/nofp\libg.a(lib_a-wcrtomb.o)
                0x08009624                _wcrtomb_r
 .text.__ascii_wctomb
                0x08009660       0x1c c:/progra~1/gcc-ar~1.10/bin/../lib/gcc/arm-none-eabi/10.3.1/../../../../arm-none-eabi/lib/thumb/v7e-m/nofp\libg.a(lib_a-wctomb_r.o)
                0x08009660                __ascii_wctomb
 .text.abort    0x0800967c       0x10 c:/progra~1/gcc-ar~1.10/bin/../lib/gcc/arm-none-eabi/10.3.1/../../../../arm-none-eabi/lib/thumb/v7e-m/nofp\libg.a(lib_a-abort.o)
                0x0800967c                abort
 .text.raise    0x0800968c       0x5c c:/progra~1/gcc-ar~1.10/bin/../lib/gcc/arm-none-eabi/10.3.1/../../../../arm-none-eabi/lib/thumb/v7e-m/nofp\libg.a(lib_a-signal.o)
                0x0800968c                raise
 .text._kill_r  0x080096e8       0x2c c:/progra~1/gcc-ar~1.10/bin/../lib/gcc/arm-none-eabi/10.3.1/../../../../arm-none-eabi/lib/thumb/v7e-m/nofp\libg.a(lib_a-signalr.o)
                0x080096e8                _kill_r
 .text._getpid_r
                0x08009714        0x4 c:/progra~1/gcc-ar~1.10/bin/../lib/gcc/arm-none-eabi/10.3.1/../../../../arm-none-eabi/lib/thumb/v7e-m/nofp\libg.a(lib_a-signalr.o)
                0x08009714                _getpid_r
 *(.glue_7)
 .glue_7        0x08009718        0x0 linker stubs
 *(.glue_7t)
 .glue_7t       0x08009718        0x0 linker stubs
 *(.eh_frame)
 .eh_frame      0x08009718        0x0 c:/progra~1/gcc-ar~1.10/bin/../lib/gcc/arm-none-eabi/10.3.1/thumb/v7e-m/nofp/crtbegin.o
 *(.init)
 .init          0x08009718        0x4 c:/progra~1/gcc-ar~1.10/bin/../lib/gcc/arm-none-eabi/10.3.1/thumb/v7e-m/nofp/crti.o
                0x08009718                _init
 .init          0x0800971c        0x8 c:/progra~1/gcc-ar~1.10/bin/../lib/gcc/arm-none-eabi/10.3.1/thumb/v7e-m/nofp/crtn.o
 *(.fini)
 .fini          0x08009724        0x4 c:/progra~1/gcc-ar~1.10/bin/../lib/gcc/arm-none-eabi/10.3.1/thumb/v7e-m/nofp/crti.o
                0x08009724                _fini
 .fini          0x08009728        0x8 c:/progra~1/gcc-ar~1.10/bin/../lib/gcc/arm-none-eabi/10.3.1/thumb/v7e-m/nofp/crtn.o
                0x08009730                . = ALIGN (0x4)
                0x08009730                _etext = .

.vfp11_veneer   0x08009730        0x0
 .vfp11_veneer  0x08009730        0x0 linker stubs

.v4_bx          0x08009730        0x0
 .v4_bx         0x08009730        0x0 linker stubs

.iplt           0x08009730        0x0
 .iplt          0x08009730        0x0 c:/progra~1/gcc-ar~1.10/bin/../lib/gcc/arm-none-eabi/10.3.1/thumb/v7e-m/nofp/crtbegin.o

.rodata         0x08009730      0x460
                0x08009730                . = ALIGN (0x4)
 *(.rodata)
 *(.rodata*)
 .rodata.main.str1.4
                0x08009730       0x28 CMakeFiles/VET6_HALL_speed.elf.dir/Core/Src/main.c.obj
 .rodata.HallDirCcw
                0x08009758       0x1c CMakeFiles/VET6_HALL_speed.elf.dir/Core/Src/main.c.obj
                0x08009758                HallDirCcw
 .rodata.AHBPrescTable
                0x08009774       0x10 CMakeFiles/VET6_HALL_speed.elf.dir/Core/Src/system_stm32f4xx.c.obj
                0x08009774                AHBPrescTable
 .rodata.APBPrescTable
                0x08009784        0x8 CMakeFiles/VET6_HALL_speed.elf.dir/Core/Src/system_stm32f4xx.c.obj
                0x08009784                APBPrescTable
 .rodata._global_impure_ptr
                0x0800978c        0x4 c:/progra~1/gcc-ar~1.10/bin/../lib/gcc/arm-none-eabi/10.3.1/../../../../arm-none-eabi/lib/thumb/v7e-m/nofp\libg.a(lib_a-impure.o)
                0x0800978c                _global_impure_ptr
 .rodata._puts_r.str1.4
                0x08009790        0x2 c:/progra~1/gcc-ar~1.10/bin/../lib/gcc/arm-none-eabi/10.3.1/../../../../arm-none-eabi/lib/thumb/v7e-m/nofp\libg.a(lib_a-puts.o)
 *fill*         0x08009792        0x2 
 .rodata._vfprintf_r.str1.4
                0x08009794       0x42 c:/progra~1/gcc-ar~1.10/bin/../lib/gcc/arm-none-eabi/10.3.1/../../../../arm-none-eabi/lib/thumb/v7e-m/nofp\libg.a(lib_a-vfprintf.o)
 *fill*         0x080097d6        0x2 
 .rodata.blanks.1
                0x080097d8       0x10 c:/progra~1/gcc-ar~1.10/bin/../lib/gcc/arm-none-eabi/10.3.1/../../../../arm-none-eabi/lib/thumb/v7e-m/nofp\libg.a(lib_a-vfprintf.o)
 .rodata.zeroes.0
                0x080097e8       0x10 c:/progra~1/gcc-ar~1.10/bin/../lib/gcc/arm-none-eabi/10.3.1/../../../../arm-none-eabi/lib/thumb/v7e-m/nofp\libg.a(lib_a-vfprintf.o)
 .rodata._dtoa_r.str1.4
                0x080097f8       0xa2 c:/progra~1/gcc-ar~1.10/bin/../lib/gcc/arm-none-eabi/10.3.1/../../../../arm-none-eabi/lib/thumb/v7e-m/nofp\libg.a(lib_a-dtoa.o)
                                 0xa6 (size before relaxing)
 *fill*         0x0800989a        0x2 
 .rodata.__multadd.str1.4
                0x0800989c       0x7f c:/progra~1/gcc-ar~1.10/bin/../lib/gcc/arm-none-eabi/10.3.1/../../../../arm-none-eabi/lib/thumb/v7e-m/nofp\libg.a(lib_a-mprec.o)
                                 0x93 (size before relaxing)
 *fill*         0x0800991b        0x5 
 .rodata.__mprec_bigtens
                0x08009920       0x28 c:/progra~1/gcc-ar~1.10/bin/../lib/gcc/arm-none-eabi/10.3.1/../../../../arm-none-eabi/lib/thumb/v7e-m/nofp\libg.a(lib_a-mprec.o)
                0x08009920                __mprec_bigtens
 .rodata.__mprec_tens
                0x08009948       0xc8 c:/progra~1/gcc-ar~1.10/bin/../lib/gcc/arm-none-eabi/10.3.1/../../../../arm-none-eabi/lib/thumb/v7e-m/nofp\libg.a(lib_a-mprec.o)
                0x08009948                __mprec_tens
 .rodata.p05.0  0x08009a10        0xc c:/progra~1/gcc-ar~1.10/bin/../lib/gcc/arm-none-eabi/10.3.1/../../../../arm-none-eabi/lib/thumb/v7e-m/nofp\libg.a(lib_a-mprec.o)
 .rodata._vfiprintf_r.str1.4
                0x08009a1c       0x2f c:/progra~1/gcc-ar~1.10/bin/../lib/gcc/arm-none-eabi/10.3.1/../../../../arm-none-eabi/lib/thumb/v7e-m/nofp\libg.a(lib_a-vfiprintf.o)
 .rodata.blanks.1
                0x08009a1c       0x10 c:/progra~1/gcc-ar~1.10/bin/../lib/gcc/arm-none-eabi/10.3.1/../../../../arm-none-eabi/lib/thumb/v7e-m/nofp\libg.a(lib_a-vfiprintf.o)
 .rodata.zeroes.0
                0x08009a2c       0x10 c:/progra~1/gcc-ar~1.10/bin/../lib/gcc/arm-none-eabi/10.3.1/../../../../arm-none-eabi/lib/thumb/v7e-m/nofp\libg.a(lib_a-vfiprintf.o)
 .rodata.__assert_func.str1.4
                0x08009a3c       0x3f c:/progra~1/gcc-ar~1.10/bin/../lib/gcc/arm-none-eabi/10.3.1/../../../../arm-none-eabi/lib/thumb/v7e-m/nofp\libg.a(lib_a-assert.o)
                                 0x43 (size before relaxing)
 *fill*         0x08009a7b        0x1 
 .rodata._setlocale_r.str1.4
                0x08009a7c        0xa c:/progra~1/gcc-ar~1.10/bin/../lib/gcc/arm-none-eabi/10.3.1/../../../../arm-none-eabi/lib/thumb/v7e-m/nofp\libg.a(lib_a-locale.o)
                                  0xd (size before relaxing)
 *fill*         0x08009a86        0x2 
 .rodata.str1.4
                0x08009a88        0x2 c:/progra~1/gcc-ar~1.10/bin/../lib/gcc/arm-none-eabi/10.3.1/../../../../arm-none-eabi/lib/thumb/v7e-m/nofp\libg.a(lib_a-locale.o)
 *fill*         0x08009a8a        0x2 
 .rodata._ctype_
                0x08009a8c      0x101 c:/progra~1/gcc-ar~1.10/bin/../lib/gcc/arm-none-eabi/10.3.1/../../../../arm-none-eabi/lib/thumb/v7e-m/nofp\libg.a(lib_a-ctype_.o)
                0x08009a8c                _ctype_
                0x08009b90                . = ALIGN (0x4)
 *fill*         0x08009b8d        0x3 

.ARM.extab      0x08009b90        0x0
                0x08009b90                . = ALIGN (0x4)
 *(.ARM.extab* .gnu.linkonce.armextab.*)
                0x08009b90                . = ALIGN (0x4)

.ARM            0x08009b90        0x8
                0x08009b90                . = ALIGN (0x4)
                0x08009b90                __exidx_start = .
 *(.ARM.exidx*)
 .ARM.exidx     0x08009b90        0x8 c:/progra~1/gcc-ar~1.10/bin/../lib/gcc/arm-none-eabi/10.3.1/thumb/v7e-m/nofp\libgcc.a(_udivmoddi4.o)
                0x08009b98                __exidx_end = .
                0x08009b98                . = ALIGN (0x4)

.rel.dyn        0x08009b98        0x0
 .rel.iplt      0x08009b98        0x0 c:/progra~1/gcc-ar~1.10/bin/../lib/gcc/arm-none-eabi/10.3.1/thumb/v7e-m/nofp/crtbegin.o

.preinit_array  0x08009b98        0x0
                0x08009b98                . = ALIGN (0x4)
                0x08009b98                PROVIDE (__preinit_array_start = .)
 *(.preinit_array*)
                0x08009b98                PROVIDE (__preinit_array_end = .)
                0x08009b98                . = ALIGN (0x4)

.init_array     0x08009b98        0x8
                0x08009b98                . = ALIGN (0x4)
                0x08009b98                PROVIDE (__init_array_start = .)
 *(SORT_BY_NAME(.init_array.*))
 .init_array.00000
                0x08009b98        0x4 c:/progra~1/gcc-ar~1.10/bin/../lib/gcc/arm-none-eabi/10.3.1/../../../../arm-none-eabi/lib/thumb/v7e-m/nofp\libg.a(lib_a-__call_atexit.o)
 *(.init_array*)
 .init_array    0x08009b9c        0x4 c:/progra~1/gcc-ar~1.10/bin/../lib/gcc/arm-none-eabi/10.3.1/thumb/v7e-m/nofp/crtbegin.o
                0x08009ba0                PROVIDE (__init_array_end = .)
                0x08009ba0                . = ALIGN (0x4)

.fini_array     0x08009ba0        0x4
                0x08009ba0                . = ALIGN (0x4)
                0x08009ba0                PROVIDE (__fini_array_start = .)
 *(SORT_BY_NAME(.fini_array.*))
 *(.fini_array*)
 .fini_array    0x08009ba0        0x4 c:/progra~1/gcc-ar~1.10/bin/../lib/gcc/arm-none-eabi/10.3.1/thumb/v7e-m/nofp/crtbegin.o
                0x08009ba4                PROVIDE (__fini_array_end = .)
                0x08009ba4                . = ALIGN (0x4)
                0x08009ba4                _sidata = LOADADDR (.data)

.data           0x20000000      0x9b8 load address 0x08009ba4
                0x20000000                . = ALIGN (0x4)
                0x20000000                _sdata = .
 *(.data)
 *(.data*)
 .data.SystemCoreClock
                0x20000000        0x4 CMakeFiles/VET6_HALL_speed.elf.dir/Core/Src/system_stm32f4xx.c.obj
                0x20000000                SystemCoreClock
 .data.uwTickFreq
                0x20000004        0x1 CMakeFiles/VET6_HALL_speed.elf.dir/Drivers/STM32F4xx_HAL_Driver/Src/stm32f4xx_hal.c.obj
                0x20000004                uwTickFreq
 *fill*         0x20000005        0x3 
 .data.uwTickPrio
                0x20000008        0x4 CMakeFiles/VET6_HALL_speed.elf.dir/Drivers/STM32F4xx_HAL_Driver/Src/stm32f4xx_hal.c.obj
                0x20000008                uwTickPrio
 .data._impure_ptr
                0x2000000c        0x4 c:/progra~1/gcc-ar~1.10/bin/../lib/gcc/arm-none-eabi/10.3.1/../../../../arm-none-eabi/lib/thumb/v7e-m/nofp\libg.a(lib_a-impure.o)
                0x2000000c                _impure_ptr
 .data.impure_data
                0x20000010      0x428 c:/progra~1/gcc-ar~1.10/bin/../lib/gcc/arm-none-eabi/10.3.1/../../../../arm-none-eabi/lib/thumb/v7e-m/nofp\libg.a(lib_a-impure.o)
 .data.__atexit_recursive_mutex
                0x20000438        0x4 c:/progra~1/gcc-ar~1.10/bin/../lib/gcc/arm-none-eabi/10.3.1/../../../../arm-none-eabi/lib/thumb/v7e-m/nofp\libg.a(lib_a-__call_atexit.o)
                0x20000438                __atexit_recursive_mutex
 .data.__malloc_av_
                0x2000043c      0x408 c:/progra~1/gcc-ar~1.10/bin/../lib/gcc/arm-none-eabi/10.3.1/../../../../arm-none-eabi/lib/thumb/v7e-m/nofp\libg.a(lib_a-mallocr.o)
                0x2000043c                __malloc_av_
 .data.__malloc_sbrk_base
                0x20000844        0x4 c:/progra~1/gcc-ar~1.10/bin/../lib/gcc/arm-none-eabi/10.3.1/../../../../arm-none-eabi/lib/thumb/v7e-m/nofp\libg.a(lib_a-mallocr.o)
                0x20000844                __malloc_sbrk_base
 .data.__malloc_trim_threshold
                0x20000848        0x4 c:/progra~1/gcc-ar~1.10/bin/../lib/gcc/arm-none-eabi/10.3.1/../../../../arm-none-eabi/lib/thumb/v7e-m/nofp\libg.a(lib_a-mallocr.o)
                0x20000848                __malloc_trim_threshold
 .data.__global_locale
                0x2000084c      0x16c c:/progra~1/gcc-ar~1.10/bin/../lib/gcc/arm-none-eabi/10.3.1/../../../../arm-none-eabi/lib/thumb/v7e-m/nofp\libg.a(lib_a-locale.o)
                0x2000084c                __global_locale
 *(.RamFunc)
 *(.RamFunc*)
                0x200009b8                . = ALIGN (0x4)
                0x200009b8                _edata = .
                0x0800a55c                _siccmram = LOADADDR (.ccmram)

.igot.plt       0x200009b8        0x0 load address 0x0800a55c
 .igot.plt      0x200009b8        0x0 c:/progra~1/gcc-ar~1.10/bin/../lib/gcc/arm-none-eabi/10.3.1/thumb/v7e-m/nofp/crtbegin.o

.ccmram         0x10000000        0x0 load address 0x0800a55c
                0x10000000                . = ALIGN (0x4)
                0x10000000                _sccmram = .
 *(.ccmram)
 *(.ccmram*)
                0x10000000                . = ALIGN (0x4)
                0x10000000                _eccmram = .
                0x10000000                . = ALIGN (0x4)

.bss            0x200009b8      0x160
                0x200009b8                _sbss = .
                0x200009b8                __bss_start__ = _sbss
 *(.bss)
 .bss           0x200009b8       0x1c c:/progra~1/gcc-ar~1.10/bin/../lib/gcc/arm-none-eabi/10.3.1/thumb/v7e-m/nofp/crtbegin.o
 *(.bss*)
 .bss.LS_hallPhase
                0x200009d4        0x4 CMakeFiles/VET6_HALL_speed.elf.dir/Core/Src/main.c.obj
                0x200009d4                LS_hallPhase
 .bss.MotorSpeed
                0x200009d8        0x4 CMakeFiles/VET6_HALL_speed.elf.dir/Core/Src/main.c.obj
                0x200009d8                MotorSpeed
 .bss.RT_hallDir
                0x200009dc        0x1 CMakeFiles/VET6_HALL_speed.elf.dir/Core/Src/main.c.obj
                0x200009dc                RT_hallDir
 *fill*         0x200009dd        0x3 
 .bss.RT_hallcnt
                0x200009e0        0x4 CMakeFiles/VET6_HALL_speed.elf.dir/Core/Src/main.c.obj
                0x200009e0                RT_hallcnt
 .bss.RT_hallcomp
                0x200009e4        0x4 CMakeFiles/VET6_HALL_speed.elf.dir/Core/Src/main.c.obj
                0x200009e4                RT_hallcomp
 .bss.isTimeUp  0x200009e8        0x1 CMakeFiles/VET6_HALL_speed.elf.dir/Core/Src/main.c.obj
                0x200009e8                isTimeUp
 *fill*         0x200009e9        0x3 
 .bss.timeTick  0x200009ec        0x4 CMakeFiles/VET6_HALL_speed.elf.dir/Core/Src/main.c.obj
                0x200009ec                timeTick
 .bss.gHuart    0x200009f0        0x4 CMakeFiles/VET6_HALL_speed.elf.dir/Core/Src/retarget.c.obj
                0x200009f0                gHuart
 .bss.__sbrk_heap_end
                0x200009f4        0x4 CMakeFiles/VET6_HALL_speed.elf.dir/Core/Src/sysmem.c.obj
 .bss.htim1     0x200009f8       0x48 CMakeFiles/VET6_HALL_speed.elf.dir/Core/Src/tim.c.obj
                0x200009f8                htim1
 .bss.htim2     0x20000a40       0x48 CMakeFiles/VET6_HALL_speed.elf.dir/Core/Src/tim.c.obj
                0x20000a40                htim2
 .bss.huart1    0x20000a88       0x44 CMakeFiles/VET6_HALL_speed.elf.dir/Core/Src/usart.c.obj
                0x20000a88                huart1
 .bss.uwTick    0x20000acc        0x4 CMakeFiles/VET6_HALL_speed.elf.dir/Drivers/STM32F4xx_HAL_Driver/Src/stm32f4xx_hal.c.obj
                0x20000acc                uwTick
 .bss.__lock___atexit_recursive_mutex
                0x20000ad0        0x1 c:/progra~1/gcc-ar~1.10/bin/../lib/gcc/arm-none-eabi/10.3.1/../../../../arm-none-eabi/lib/thumb/v7e-m/nofp\libg.a(lib_a-lock.o)
                0x20000ad0                __lock___atexit_recursive_mutex
 *fill*         0x20000ad1        0x3 
 .bss.__lock___malloc_recursive_mutex
                0x20000ad4        0x1 c:/progra~1/gcc-ar~1.10/bin/../lib/gcc/arm-none-eabi/10.3.1/../../../../arm-none-eabi/lib/thumb/v7e-m/nofp\libg.a(lib_a-lock.o)
                0x20000ad4                __lock___malloc_recursive_mutex
 *fill*         0x20000ad5        0x3 
 .bss.__lock___sfp_recursive_mutex
                0x20000ad8        0x1 c:/progra~1/gcc-ar~1.10/bin/../lib/gcc/arm-none-eabi/10.3.1/../../../../arm-none-eabi/lib/thumb/v7e-m/nofp\libg.a(lib_a-lock.o)
                0x20000ad8                __lock___sfp_recursive_mutex
 *fill*         0x20000ad9        0x3 
 .bss.__lock___sinit_recursive_mutex
                0x20000adc        0x1 c:/progra~1/gcc-ar~1.10/bin/../lib/gcc/arm-none-eabi/10.3.1/../../../../arm-none-eabi/lib/thumb/v7e-m/nofp\libg.a(lib_a-lock.o)
                0x20000adc                __lock___sinit_recursive_mutex
 *fill*         0x20000add        0x3 
 .bss.__malloc_current_mallinfo
                0x20000ae0       0x28 c:/progra~1/gcc-ar~1.10/bin/../lib/gcc/arm-none-eabi/10.3.1/../../../../arm-none-eabi/lib/thumb/v7e-m/nofp\libg.a(lib_a-mallocr.o)
                0x20000ae0                __malloc_current_mallinfo
 .bss.__malloc_max_sbrked_mem
                0x20000b08        0x4 c:/progra~1/gcc-ar~1.10/bin/../lib/gcc/arm-none-eabi/10.3.1/../../../../arm-none-eabi/lib/thumb/v7e-m/nofp\libg.a(lib_a-mallocr.o)
                0x20000b08                __malloc_max_sbrked_mem
 .bss.__malloc_max_total_mem
                0x20000b0c        0x4 c:/progra~1/gcc-ar~1.10/bin/../lib/gcc/arm-none-eabi/10.3.1/../../../../arm-none-eabi/lib/thumb/v7e-m/nofp\libg.a(lib_a-mallocr.o)
                0x20000b0c                __malloc_max_total_mem
 .bss.__malloc_top_pad
                0x20000b10        0x4 c:/progra~1/gcc-ar~1.10/bin/../lib/gcc/arm-none-eabi/10.3.1/../../../../arm-none-eabi/lib/thumb/v7e-m/nofp\libg.a(lib_a-mallocr.o)
                0x20000b10                __malloc_top_pad
 .bss.errno     0x20000b14        0x4 c:/progra~1/gcc-ar~1.10/bin/../lib/gcc/arm-none-eabi/10.3.1/../../../../arm-none-eabi/lib/thumb/v7e-m/nofp\libg.a(lib_a-reent.o)
                0x20000b14                errno
 *(COMMON)
                0x20000b18                . = ALIGN (0x4)
                0x20000b18                _ebss = .
                0x20000b18                __bss_end__ = _ebss

._user_heap_stack
                0x20000b18      0x600
                0x20000b18                . = ALIGN (0x8)
                [!provide]                PROVIDE (end = .)
                0x20000b18                PROVIDE (_end = .)
                0x20000d18                . = (. + _Min_Heap_Size)
 *fill*         0x20000b18      0x200 
                0x20001118                . = (. + _Min_Stack_Size)
 *fill*         0x20000d18      0x400 
                0x20001118                . = ALIGN (0x8)

/DISCARD/
 libc.a(*)
 libm.a(*)
 libgcc.a(*)

.ARM.attributes
                0x00000000       0x2a
 *(.ARM.attributes)
 .ARM.attributes
                0x00000000       0x1e c:/progra~1/gcc-ar~1.10/bin/../lib/gcc/arm-none-eabi/10.3.1/thumb/v7e-m/nofp/crti.o
 .ARM.attributes
                0x0000001e       0x2e c:/progra~1/gcc-ar~1.10/bin/../lib/gcc/arm-none-eabi/10.3.1/thumb/v7e-m/nofp/crtbegin.o
 .ARM.attributes
                0x0000004c       0x2e CMakeFiles/VET6_HALL_speed.elf.dir/Core/Src/gpio.c.obj
 .ARM.attributes
                0x0000007a       0x2e CMakeFiles/VET6_HALL_speed.elf.dir/Core/Src/main.c.obj
 .ARM.attributes
                0x000000a8       0x2e CMakeFiles/VET6_HALL_speed.elf.dir/Core/Src/retarget.c.obj
 .ARM.attributes
                0x000000d6       0x2e CMakeFiles/VET6_HALL_speed.elf.dir/Core/Src/stm32f4xx_hal_msp.c.obj
 .ARM.attributes
                0x00000104       0x2e CMakeFiles/VET6_HALL_speed.elf.dir/Core/Src/stm32f4xx_it.c.obj
 .ARM.attributes
                0x00000132       0x2e CMakeFiles/VET6_HALL_speed.elf.dir/Core/Src/syscalls.c.obj
 .ARM.attributes
                0x00000160       0x2e CMakeFiles/VET6_HALL_speed.elf.dir/Core/Src/sysmem.c.obj
 .ARM.attributes
                0x0000018e       0x2e CMakeFiles/VET6_HALL_speed.elf.dir/Core/Src/system_stm32f4xx.c.obj
 .ARM.attributes
                0x000001bc       0x2e CMakeFiles/VET6_HALL_speed.elf.dir/Core/Src/tim.c.obj
 .ARM.attributes
                0x000001ea       0x2e CMakeFiles/VET6_HALL_speed.elf.dir/Core/Src/usart.c.obj
 .ARM.attributes
                0x00000218       0x21 CMakeFiles/VET6_HALL_speed.elf.dir/Core/Startup/startup_stm32f407vetx.s.obj
 .ARM.attributes
                0x00000239       0x2e CMakeFiles/VET6_HALL_speed.elf.dir/Drivers/STM32F4xx_HAL_Driver/Src/stm32f4xx_hal.c.obj
 .ARM.attributes
                0x00000267       0x2e CMakeFiles/VET6_HALL_speed.elf.dir/Drivers/STM32F4xx_HAL_Driver/Src/stm32f4xx_hal_cortex.c.obj
 .ARM.attributes
                0x00000295       0x2e CMakeFiles/VET6_HALL_speed.elf.dir/Drivers/STM32F4xx_HAL_Driver/Src/stm32f4xx_hal_gpio.c.obj
 .ARM.attributes
                0x000002c3       0x2e CMakeFiles/VET6_HALL_speed.elf.dir/Drivers/STM32F4xx_HAL_Driver/Src/stm32f4xx_hal_rcc.c.obj
 .ARM.attributes
                0x000002f1       0x2e CMakeFiles/VET6_HALL_speed.elf.dir/Drivers/STM32F4xx_HAL_Driver/Src/stm32f4xx_hal_tim.c.obj
 .ARM.attributes
                0x0000031f       0x2e CMakeFiles/VET6_HALL_speed.elf.dir/Drivers/STM32F4xx_HAL_Driver/Src/stm32f4xx_hal_tim_ex.c.obj
 .ARM.attributes
                0x0000034d       0x2e CMakeFiles/VET6_HALL_speed.elf.dir/Drivers/STM32F4xx_HAL_Driver/Src/stm32f4xx_hal_uart.c.obj
 .ARM.attributes
                0x0000037b       0x1e c:/progra~1/gcc-ar~1.10/bin/../lib/gcc/arm-none-eabi/10.3.1/thumb/v7e-m/nofp\libgcc.a(_arm_addsubdf3.o)
 .ARM.attributes
                0x00000399       0x1e c:/progra~1/gcc-ar~1.10/bin/../lib/gcc/arm-none-eabi/10.3.1/thumb/v7e-m/nofp\libgcc.a(_arm_addsubsf3.o)
 .ARM.attributes
                0x000003b7       0x1e c:/progra~1/gcc-ar~1.10/bin/../lib/gcc/arm-none-eabi/10.3.1/thumb/v7e-m/nofp\libgcc.a(_arm_muldivsf3.o)
 .ARM.attributes
                0x000003d5       0x1e c:/progra~1/gcc-ar~1.10/bin/../lib/gcc/arm-none-eabi/10.3.1/thumb/v7e-m/nofp\libgcc.a(_aeabi_uldivmod.o)
 .ARM.attributes
                0x000003f3       0x2e c:/progra~1/gcc-ar~1.10/bin/../lib/gcc/arm-none-eabi/10.3.1/thumb/v7e-m/nofp\libgcc.a(_udivmoddi4.o)
 .ARM.attributes
                0x00000421       0x1e c:/progra~1/gcc-ar~1.10/bin/../lib/gcc/arm-none-eabi/10.3.1/thumb/v7e-m/nofp\libgcc.a(_dvmd_tls.o)
 .ARM.attributes
                0x0000043f       0x2e c:/progra~1/gcc-ar~1.10/bin/../lib/gcc/arm-none-eabi/10.3.1/../../../../arm-none-eabi/lib/thumb/v7e-m/nofp\libg.a(lib_a-errno.o)
 .ARM.attributes
                0x0000046d       0x2e c:/progra~1/gcc-ar~1.10/bin/../lib/gcc/arm-none-eabi/10.3.1/../../../../arm-none-eabi/lib/thumb/v7e-m/nofp\libg.a(lib_a-impure.o)
 .ARM.attributes
                0x0000049b       0x2e c:/progra~1/gcc-ar~1.10/bin/../lib/gcc/arm-none-eabi/10.3.1/../../../../arm-none-eabi/lib/thumb/v7e-m/nofp\libg.a(lib_a-init.o)
 .ARM.attributes
                0x000004c9       0x2e c:/progra~1/gcc-ar~1.10/bin/../lib/gcc/arm-none-eabi/10.3.1/../../../../arm-none-eabi/lib/thumb/v7e-m/nofp\libg.a(lib_a-memset.o)
 .ARM.attributes
                0x000004f7       0x2e c:/progra~1/gcc-ar~1.10/bin/../lib/gcc/arm-none-eabi/10.3.1/../../../../arm-none-eabi/lib/thumb/v7e-m/nofp\libg.a(lib_a-printf.o)
 .ARM.attributes
                0x00000525       0x2e c:/progra~1/gcc-ar~1.10/bin/../lib/gcc/arm-none-eabi/10.3.1/../../../../arm-none-eabi/lib/thumb/v7e-m/nofp\libg.a(lib_a-puts.o)
 .ARM.attributes
                0x00000553       0x2e c:/progra~1/gcc-ar~1.10/bin/../lib/gcc/arm-none-eabi/10.3.1/../../../../arm-none-eabi/lib/thumb/v7e-m/nofp\libg.a(lib_a-setvbuf.o)
 .ARM.attributes
                0x00000581       0x1c c:/progra~1/gcc-ar~1.10/bin/../lib/gcc/arm-none-eabi/10.3.1/../../../../arm-none-eabi/lib/thumb/v7e-m/nofp\libg.a(lib_a-strlen.o)
 .ARM.attributes
                0x0000059d       0x2e c:/progra~1/gcc-ar~1.10/bin/../lib/gcc/arm-none-eabi/10.3.1/../../../../arm-none-eabi/lib/thumb/v7e-m/nofp\libg.a(lib_a-vfprintf.o)
 .ARM.attributes
                0x000005cb       0x2e c:/progra~1/gcc-ar~1.10/bin/../lib/gcc/arm-none-eabi/10.3.1/../../../../arm-none-eabi/lib/thumb/v7e-m/nofp\libg.a(lib_a-wsetup.o)
 .ARM.attributes
                0x000005f9       0x2e c:/progra~1/gcc-ar~1.10/bin/../lib/gcc/arm-none-eabi/10.3.1/../../../../arm-none-eabi/lib/thumb/v7e-m/nofp\libg.a(lib_a-__call_atexit.o)
 .ARM.attributes
                0x00000627       0x2e c:/progra~1/gcc-ar~1.10/bin/../lib/gcc/arm-none-eabi/10.3.1/../../../../arm-none-eabi/lib/thumb/v7e-m/nofp\libg.a(lib_a-atexit.o)
 .ARM.attributes
                0x00000655       0x2e c:/progra~1/gcc-ar~1.10/bin/../lib/gcc/arm-none-eabi/10.3.1/../../../../arm-none-eabi/lib/thumb/v7e-m/nofp\libg.a(lib_a-dtoa.o)
 .ARM.attributes
                0x00000683       0x2e c:/progra~1/gcc-ar~1.10/bin/../lib/gcc/arm-none-eabi/10.3.1/../../../../arm-none-eabi/lib/thumb/v7e-m/nofp\libg.a(lib_a-fflush.o)
 .ARM.attributes
                0x000006b1       0x2e c:/progra~1/gcc-ar~1.10/bin/../lib/gcc/arm-none-eabi/10.3.1/../../../../arm-none-eabi/lib/thumb/v7e-m/nofp\libg.a(lib_a-findfp.o)
 .ARM.attributes
                0x000006df       0x2e c:/progra~1/gcc-ar~1.10/bin/../lib/gcc/arm-none-eabi/10.3.1/../../../../arm-none-eabi/lib/thumb/v7e-m/nofp\libg.a(lib_a-fini.o)
 .ARM.attributes
                0x0000070d       0x2e c:/progra~1/gcc-ar~1.10/bin/../lib/gcc/arm-none-eabi/10.3.1/../../../../arm-none-eabi/lib/thumb/v7e-m/nofp\libg.a(lib_a-freer.o)
 .ARM.attributes
                0x0000073b       0x2e c:/progra~1/gcc-ar~1.10/bin/../lib/gcc/arm-none-eabi/10.3.1/../../../../arm-none-eabi/lib/thumb/v7e-m/nofp\libg.a(lib_a-fvwrite.o)
 .ARM.attributes
                0x00000769       0x2e c:/progra~1/gcc-ar~1.10/bin/../lib/gcc/arm-none-eabi/10.3.1/../../../../arm-none-eabi/lib/thumb/v7e-m/nofp\libg.a(lib_a-fwalk.o)
 .ARM.attributes
                0x00000797       0x2e c:/progra~1/gcc-ar~1.10/bin/../lib/gcc/arm-none-eabi/10.3.1/../../../../arm-none-eabi/lib/thumb/v7e-m/nofp\libg.a(lib_a-localeconv.o)
 .ARM.attributes
                0x000007c5       0x2e c:/progra~1/gcc-ar~1.10/bin/../lib/gcc/arm-none-eabi/10.3.1/../../../../arm-none-eabi/lib/thumb/v7e-m/nofp\libg.a(lib_a-lock.o)
 .ARM.attributes
                0x000007f3       0x2e c:/progra~1/gcc-ar~1.10/bin/../lib/gcc/arm-none-eabi/10.3.1/../../../../arm-none-eabi/lib/thumb/v7e-m/nofp\libg.a(lib_a-makebuf.o)
 .ARM.attributes
                0x00000821       0x2e c:/progra~1/gcc-ar~1.10/bin/../lib/gcc/arm-none-eabi/10.3.1/../../../../arm-none-eabi/lib/thumb/v7e-m/nofp\libg.a(lib_a-malloc.o)
 .ARM.attributes
                0x0000084f       0x2e c:/progra~1/gcc-ar~1.10/bin/../lib/gcc/arm-none-eabi/10.3.1/../../../../arm-none-eabi/lib/thumb/v7e-m/nofp\libg.a(lib_a-mallocr.o)
 .ARM.attributes
                0x0000087d       0x1c c:/progra~1/gcc-ar~1.10/bin/../lib/gcc/arm-none-eabi/10.3.1/../../../../arm-none-eabi/lib/thumb/v7e-m/nofp\libg.a(lib_a-memchr.o)
 .ARM.attributes
                0x00000899       0x1c c:/progra~1/gcc-ar~1.10/bin/../lib/gcc/arm-none-eabi/10.3.1/../../../../arm-none-eabi/lib/thumb/v7e-m/nofp\libg.a(lib_a-memcpy.o)
 .ARM.attributes
                0x000008b5       0x2e c:/progra~1/gcc-ar~1.10/bin/../lib/gcc/arm-none-eabi/10.3.1/../../../../arm-none-eabi/lib/thumb/v7e-m/nofp\libg.a(lib_a-memmove.o)
 .ARM.attributes
                0x000008e3       0x2e c:/progra~1/gcc-ar~1.10/bin/../lib/gcc/arm-none-eabi/10.3.1/../../../../arm-none-eabi/lib/thumb/v7e-m/nofp\libg.a(lib_a-mlock.o)
 .ARM.attributes
                0x00000911       0x2e c:/progra~1/gcc-ar~1.10/bin/../lib/gcc/arm-none-eabi/10.3.1/../../../../arm-none-eabi/lib/thumb/v7e-m/nofp\libg.a(lib_a-mprec.o)
 .ARM.attributes
                0x0000093f       0x2e c:/progra~1/gcc-ar~1.10/bin/../lib/gcc/arm-none-eabi/10.3.1/../../../../arm-none-eabi/lib/thumb/v7e-m/nofp\libg.a(lib_a-reallocr.o)
 .ARM.attributes
                0x0000096d       0x2e c:/progra~1/gcc-ar~1.10/bin/../lib/gcc/arm-none-eabi/10.3.1/../../../../arm-none-eabi/lib/thumb/v7e-m/nofp\libg.a(lib_a-s_frexp.o)
 .ARM.attributes
                0x0000099b       0x2e c:/progra~1/gcc-ar~1.10/bin/../lib/gcc/arm-none-eabi/10.3.1/../../../../arm-none-eabi/lib/thumb/v7e-m/nofp\libg.a(lib_a-sbrkr.o)
 .ARM.attributes
                0x000009c9       0x2e c:/progra~1/gcc-ar~1.10/bin/../lib/gcc/arm-none-eabi/10.3.1/../../../../arm-none-eabi/lib/thumb/v7e-m/nofp\libg.a(lib_a-stdio.o)
 .ARM.attributes
                0x000009f7       0x2e c:/progra~1/gcc-ar~1.10/bin/../lib/gcc/arm-none-eabi/10.3.1/../../../../arm-none-eabi/lib/thumb/v7e-m/nofp\libg.a(lib_a-strncpy.o)
 .ARM.attributes
                0x00000a25       0x2e c:/progra~1/gcc-ar~1.10/bin/../lib/gcc/arm-none-eabi/10.3.1/../../../../arm-none-eabi/lib/thumb/v7e-m/nofp\libg.a(lib_a-vfiprintf.o)
 .ARM.attributes
                0x00000a53       0x2e c:/progra~1/gcc-ar~1.10/bin/../lib/gcc/arm-none-eabi/10.3.1/../../../../arm-none-eabi/lib/thumb/v7e-m/nofp\libg.a(lib_a-writer.o)
 .ARM.attributes
                0x00000a81       0x2e c:/progra~1/gcc-ar~1.10/bin/../lib/gcc/arm-none-eabi/10.3.1/../../../../arm-none-eabi/lib/thumb/v7e-m/nofp\libg.a(lib_a-__atexit.o)
 .ARM.attributes
                0x00000aaf       0x2e c:/progra~1/gcc-ar~1.10/bin/../lib/gcc/arm-none-eabi/10.3.1/../../../../arm-none-eabi/lib/thumb/v7e-m/nofp\libg.a(lib_a-assert.o)
 .ARM.attributes
                0x00000add       0x2e c:/progra~1/gcc-ar~1.10/bin/../lib/gcc/arm-none-eabi/10.3.1/../../../../arm-none-eabi/lib/thumb/v7e-m/nofp\libg.a(lib_a-callocr.o)
 .ARM.attributes
                0x00000b0b       0x2e c:/progra~1/gcc-ar~1.10/bin/../lib/gcc/arm-none-eabi/10.3.1/../../../../arm-none-eabi/lib/thumb/v7e-m/nofp\libg.a(lib_a-closer.o)
 .ARM.attributes
                0x00000b39       0x2e c:/progra~1/gcc-ar~1.10/bin/../lib/gcc/arm-none-eabi/10.3.1/../../../../arm-none-eabi/lib/thumb/v7e-m/nofp\libg.a(lib_a-fclose.o)
 .ARM.attributes
                0x00000b67       0x2e c:/progra~1/gcc-ar~1.10/bin/../lib/gcc/arm-none-eabi/10.3.1/../../../../arm-none-eabi/lib/thumb/v7e-m/nofp\libg.a(lib_a-fiprintf.o)
 .ARM.attributes
                0x00000b95       0x2e c:/progra~1/gcc-ar~1.10/bin/../lib/gcc/arm-none-eabi/10.3.1/../../../../arm-none-eabi/lib/thumb/v7e-m/nofp\libg.a(lib_a-fputwc.o)
 .ARM.attributes
                0x00000bc3       0x2e c:/progra~1/gcc-ar~1.10/bin/../lib/gcc/arm-none-eabi/10.3.1/../../../../arm-none-eabi/lib/thumb/v7e-m/nofp\libg.a(lib_a-fstatr.o)
 .ARM.attributes
                0x00000bf1       0x2e c:/progra~1/gcc-ar~1.10/bin/../lib/gcc/arm-none-eabi/10.3.1/../../../../arm-none-eabi/lib/thumb/v7e-m/nofp\libg.a(lib_a-isattyr.o)
 .ARM.attributes
                0x00000c1f       0x2e c:/progra~1/gcc-ar~1.10/bin/../lib/gcc/arm-none-eabi/10.3.1/../../../../arm-none-eabi/lib/thumb/v7e-m/nofp\libg.a(lib_a-locale.o)
 .ARM.attributes
                0x00000c4d       0x2e c:/progra~1/gcc-ar~1.10/bin/../lib/gcc/arm-none-eabi/10.3.1/../../../../arm-none-eabi/lib/thumb/v7e-m/nofp\libg.a(lib_a-lseekr.o)
 .ARM.attributes
                0x00000c7b       0x2e c:/progra~1/gcc-ar~1.10/bin/../lib/gcc/arm-none-eabi/10.3.1/../../../../arm-none-eabi/lib/thumb/v7e-m/nofp\libg.a(lib_a-mbtowc_r.o)
 .ARM.attributes
                0x00000ca9       0x2e c:/progra~1/gcc-ar~1.10/bin/../lib/gcc/arm-none-eabi/10.3.1/../../../../arm-none-eabi/lib/thumb/v7e-m/nofp\libg.a(lib_a-readr.o)
 .ARM.attributes
                0x00000cd7       0x2e c:/progra~1/gcc-ar~1.10/bin/../lib/gcc/arm-none-eabi/10.3.1/../../../../arm-none-eabi/lib/thumb/v7e-m/nofp\libg.a(lib_a-reent.o)
 .ARM.attributes
                0x00000d05       0x2e c:/progra~1/gcc-ar~1.10/bin/../lib/gcc/arm-none-eabi/10.3.1/../../../../arm-none-eabi/lib/thumb/v7e-m/nofp\libg.a(lib_a-wbuf.o)
 .ARM.attributes
                0x00000d33       0x2e c:/progra~1/gcc-ar~1.10/bin/../lib/gcc/arm-none-eabi/10.3.1/../../../../arm-none-eabi/lib/thumb/v7e-m/nofp\libg.a(lib_a-wcrtomb.o)
 .ARM.attributes
                0x00000d61       0x2e c:/progra~1/gcc-ar~1.10/bin/../lib/gcc/arm-none-eabi/10.3.1/../../../../arm-none-eabi/lib/thumb/v7e-m/nofp\libg.a(lib_a-wctomb_r.o)
 .ARM.attributes
                0x00000d8f       0x2e c:/progra~1/gcc-ar~1.10/bin/../lib/gcc/arm-none-eabi/10.3.1/../../../../arm-none-eabi/lib/thumb/v7e-m/nofp\libg.a(lib_a-abort.o)
 .ARM.attributes
                0x00000dbd       0x2e c:/progra~1/gcc-ar~1.10/bin/../lib/gcc/arm-none-eabi/10.3.1/../../../../arm-none-eabi/lib/thumb/v7e-m/nofp\libg.a(lib_a-ctype_.o)
 .ARM.attributes
                0x00000deb       0x2e c:/progra~1/gcc-ar~1.10/bin/../lib/gcc/arm-none-eabi/10.3.1/../../../../arm-none-eabi/lib/thumb/v7e-m/nofp\libg.a(lib_a-signal.o)
 .ARM.attributes
                0x00000e19       0x2e c:/progra~1/gcc-ar~1.10/bin/../lib/gcc/arm-none-eabi/10.3.1/../../../../arm-none-eabi/lib/thumb/v7e-m/nofp\libg.a(lib_a-signalr.o)
 .ARM.attributes
                0x00000e47       0x1e c:/progra~1/gcc-ar~1.10/bin/../lib/gcc/arm-none-eabi/10.3.1/thumb/v7e-m/nofp\libgcc.a(_arm_muldivdf3.o)
 .ARM.attributes
                0x00000e65       0x1e c:/progra~1/gcc-ar~1.10/bin/../lib/gcc/arm-none-eabi/10.3.1/thumb/v7e-m/nofp\libgcc.a(_arm_cmpdf2.o)
 .ARM.attributes
                0x00000e83       0x1e c:/progra~1/gcc-ar~1.10/bin/../lib/gcc/arm-none-eabi/10.3.1/thumb/v7e-m/nofp\libgcc.a(_arm_unorddf2.o)
 .ARM.attributes
                0x00000ea1       0x1e c:/progra~1/gcc-ar~1.10/bin/../lib/gcc/arm-none-eabi/10.3.1/thumb/v7e-m/nofp\libgcc.a(_arm_fixdfsi.o)
 .ARM.attributes
                0x00000ebf       0x1e c:/progra~1/gcc-ar~1.10/bin/../lib/gcc/arm-none-eabi/10.3.1/thumb/v7e-m/nofp/crtn.o
OUTPUT(VET6_HALL_speed.elf elf32-littlearm)
LOAD linker stubs
LOAD c:/progra~1/gcc-ar~1.10/bin/../lib/gcc/arm-none-eabi/10.3.1/../../../../arm-none-eabi/lib/thumb/v7e-m/nofp\libc.a
LOAD c:/progra~1/gcc-ar~1.10/bin/../lib/gcc/arm-none-eabi/10.3.1/../../../../arm-none-eabi/lib/thumb/v7e-m/nofp\libm.a
LOAD c:/progra~1/gcc-ar~1.10/bin/../lib/gcc/arm-none-eabi/10.3.1/thumb/v7e-m/nofp\libgcc.a

.debug_info     0x00000000    0x12897
 .debug_info    0x00000000      0x2c1 CMakeFiles/VET6_HALL_speed.elf.dir/Core/Src/gpio.c.obj
 .debug_info    0x000002c1     0x1adb CMakeFiles/VET6_HALL_speed.elf.dir/Core/Src/main.c.obj
 .debug_info    0x00001d9c     0x12ff CMakeFiles/VET6_HALL_speed.elf.dir/Core/Src/retarget.c.obj
 .debug_info    0x0000309b      0x2c8 CMakeFiles/VET6_HALL_speed.elf.dir/Core/Src/stm32f4xx_hal_msp.c.obj
 .debug_info    0x00003363      0x763 CMakeFiles/VET6_HALL_speed.elf.dir/Core/Src/stm32f4xx_it.c.obj
 .debug_info    0x00003ac6      0x6ca CMakeFiles/VET6_HALL_speed.elf.dir/Core/Src/syscalls.c.obj
 .debug_info    0x00004190      0x174 CMakeFiles/VET6_HALL_speed.elf.dir/Core/Src/sysmem.c.obj
 .debug_info    0x00004304      0x37d CMakeFiles/VET6_HALL_speed.elf.dir/Core/Src/system_stm32f4xx.c.obj
 .debug_info    0x00004681     0x1064 CMakeFiles/VET6_HALL_speed.elf.dir/Core/Src/tim.c.obj
 .debug_info    0x000056e5      0x9ce CMakeFiles/VET6_HALL_speed.elf.dir/Core/Src/usart.c.obj
 .debug_info    0x000060b3       0x22 CMakeFiles/VET6_HALL_speed.elf.dir/Core/Startup/startup_stm32f407vetx.s.obj
 .debug_info    0x000060d5      0x9f0 CMakeFiles/VET6_HALL_speed.elf.dir/Drivers/STM32F4xx_HAL_Driver/Src/stm32f4xx_hal.c.obj
 .debug_info    0x00006ac5     0x1098 CMakeFiles/VET6_HALL_speed.elf.dir/Drivers/STM32F4xx_HAL_Driver/Src/stm32f4xx_hal_cortex.c.obj
 .debug_info    0x00007b5d      0x7b0 CMakeFiles/VET6_HALL_speed.elf.dir/Drivers/STM32F4xx_HAL_Driver/Src/stm32f4xx_hal_gpio.c.obj
 .debug_info    0x0000830d      0xb03 CMakeFiles/VET6_HALL_speed.elf.dir/Drivers/STM32F4xx_HAL_Driver/Src/stm32f4xx_hal_rcc.c.obj
 .debug_info    0x00008e10     0x3d5b CMakeFiles/VET6_HALL_speed.elf.dir/Drivers/STM32F4xx_HAL_Driver/Src/stm32f4xx_hal_tim.c.obj
 .debug_info    0x0000cb6b     0x1ade CMakeFiles/VET6_HALL_speed.elf.dir/Drivers/STM32F4xx_HAL_Driver/Src/stm32f4xx_hal_tim_ex.c.obj
 .debug_info    0x0000e649     0x424e CMakeFiles/VET6_HALL_speed.elf.dir/Drivers/STM32F4xx_HAL_Driver/Src/stm32f4xx_hal_uart.c.obj

.debug_abbrev   0x00000000     0x22a7
 .debug_abbrev  0x00000000       0xd1 CMakeFiles/VET6_HALL_speed.elf.dir/Core/Src/gpio.c.obj
 .debug_abbrev  0x000000d1      0x3c1 CMakeFiles/VET6_HALL_speed.elf.dir/Core/Src/main.c.obj
 .debug_abbrev  0x00000492      0x2b4 CMakeFiles/VET6_HALL_speed.elf.dir/Core/Src/retarget.c.obj
 .debug_abbrev  0x00000746       0xf4 CMakeFiles/VET6_HALL_speed.elf.dir/Core/Src/stm32f4xx_hal_msp.c.obj
 .debug_abbrev  0x0000083a      0x18c CMakeFiles/VET6_HALL_speed.elf.dir/Core/Src/stm32f4xx_it.c.obj
 .debug_abbrev  0x000009c6      0x1a3 CMakeFiles/VET6_HALL_speed.elf.dir/Core/Src/syscalls.c.obj
 .debug_abbrev  0x00000b69       0xe7 CMakeFiles/VET6_HALL_speed.elf.dir/Core/Src/sysmem.c.obj
 .debug_abbrev  0x00000c50      0x119 CMakeFiles/VET6_HALL_speed.elf.dir/Core/Src/system_stm32f4xx.c.obj
 .debug_abbrev  0x00000d69      0x200 CMakeFiles/VET6_HALL_speed.elf.dir/Core/Src/tim.c.obj
 .debug_abbrev  0x00000f69      0x1da CMakeFiles/VET6_HALL_speed.elf.dir/Core/Src/usart.c.obj
 .debug_abbrev  0x00001143       0x12 CMakeFiles/VET6_HALL_speed.elf.dir/Core/Startup/startup_stm32f407vetx.s.obj
 .debug_abbrev  0x00001155      0x206 CMakeFiles/VET6_HALL_speed.elf.dir/Drivers/STM32F4xx_HAL_Driver/Src/stm32f4xx_hal.c.obj
 .debug_abbrev  0x0000135b      0x36a CMakeFiles/VET6_HALL_speed.elf.dir/Drivers/STM32F4xx_HAL_Driver/Src/stm32f4xx_hal_cortex.c.obj
 .debug_abbrev  0x000016c5      0x1ef CMakeFiles/VET6_HALL_speed.elf.dir/Drivers/STM32F4xx_HAL_Driver/Src/stm32f4xx_hal_gpio.c.obj
 .debug_abbrev  0x000018b4      0x28a CMakeFiles/VET6_HALL_speed.elf.dir/Drivers/STM32F4xx_HAL_Driver/Src/stm32f4xx_hal_rcc.c.obj
 .debug_abbrev  0x00001b3e      0x22b CMakeFiles/VET6_HALL_speed.elf.dir/Drivers/STM32F4xx_HAL_Driver/Src/stm32f4xx_hal_tim.c.obj
 .debug_abbrev  0x00001d69      0x241 CMakeFiles/VET6_HALL_speed.elf.dir/Drivers/STM32F4xx_HAL_Driver/Src/stm32f4xx_hal_tim_ex.c.obj
 .debug_abbrev  0x00001faa      0x2fd CMakeFiles/VET6_HALL_speed.elf.dir/Drivers/STM32F4xx_HAL_Driver/Src/stm32f4xx_hal_uart.c.obj

.debug_aranges  0x00000000      0xc70
 .debug_aranges
                0x00000000       0x20 CMakeFiles/VET6_HALL_speed.elf.dir/Core/Src/gpio.c.obj
 .debug_aranges
                0x00000020       0x58 CMakeFiles/VET6_HALL_speed.elf.dir/Core/Src/main.c.obj
 .debug_aranges
                0x00000078       0x50 CMakeFiles/VET6_HALL_speed.elf.dir/Core/Src/retarget.c.obj
 .debug_aranges
                0x000000c8       0x20 CMakeFiles/VET6_HALL_speed.elf.dir/Core/Src/stm32f4xx_hal_msp.c.obj
 .debug_aranges
                0x000000e8       0x68 CMakeFiles/VET6_HALL_speed.elf.dir/Core/Src/stm32f4xx_it.c.obj
 .debug_aranges
                0x00000150       0x88 CMakeFiles/VET6_HALL_speed.elf.dir/Core/Src/syscalls.c.obj
 .debug_aranges
                0x000001d8       0x20 CMakeFiles/VET6_HALL_speed.elf.dir/Core/Src/sysmem.c.obj
 .debug_aranges
                0x000001f8       0x28 CMakeFiles/VET6_HALL_speed.elf.dir/Core/Src/system_stm32f4xx.c.obj
 .debug_aranges
                0x00000220       0x48 CMakeFiles/VET6_HALL_speed.elf.dir/Core/Src/tim.c.obj
 .debug_aranges
                0x00000268       0x30 CMakeFiles/VET6_HALL_speed.elf.dir/Core/Src/usart.c.obj
 .debug_aranges
                0x00000298       0x28 CMakeFiles/VET6_HALL_speed.elf.dir/Core/Startup/startup_stm32f407vetx.s.obj
 .debug_aranges
                0x000002c0       0xf0 CMakeFiles/VET6_HALL_speed.elf.dir/Drivers/STM32F4xx_HAL_Driver/Src/stm32f4xx_hal.c.obj
 .debug_aranges
                0x000003b0       0xa8 CMakeFiles/VET6_HALL_speed.elf.dir/Drivers/STM32F4xx_HAL_Driver/Src/stm32f4xx_hal_cortex.c.obj
 .debug_aranges
                0x00000458       0x58 CMakeFiles/VET6_HALL_speed.elf.dir/Drivers/STM32F4xx_HAL_Driver/Src/stm32f4xx_hal_gpio.c.obj
 .debug_aranges
                0x000004b0       0x88 CMakeFiles/VET6_HALL_speed.elf.dir/Drivers/STM32F4xx_HAL_Driver/Src/stm32f4xx_hal_rcc.c.obj
 .debug_aranges
                0x00000538      0x3d0 CMakeFiles/VET6_HALL_speed.elf.dir/Drivers/STM32F4xx_HAL_Driver/Src/stm32f4xx_hal_tim.c.obj
 .debug_aranges
                0x00000908      0x168 CMakeFiles/VET6_HALL_speed.elf.dir/Drivers/STM32F4xx_HAL_Driver/Src/stm32f4xx_hal_tim_ex.c.obj
 .debug_aranges
                0x00000a70      0x200 CMakeFiles/VET6_HALL_speed.elf.dir/Drivers/STM32F4xx_HAL_Driver/Src/stm32f4xx_hal_uart.c.obj

.debug_ranges   0x00000000      0xc00
 .debug_ranges  0x00000000       0x10 CMakeFiles/VET6_HALL_speed.elf.dir/Core/Src/gpio.c.obj
 .debug_ranges  0x00000010       0x60 CMakeFiles/VET6_HALL_speed.elf.dir/Core/Src/main.c.obj
 .debug_ranges  0x00000070       0x40 CMakeFiles/VET6_HALL_speed.elf.dir/Core/Src/retarget.c.obj
 .debug_ranges  0x000000b0       0x10 CMakeFiles/VET6_HALL_speed.elf.dir/Core/Src/stm32f4xx_hal_msp.c.obj
 .debug_ranges  0x000000c0       0x58 CMakeFiles/VET6_HALL_speed.elf.dir/Core/Src/stm32f4xx_it.c.obj
 .debug_ranges  0x00000118       0x78 CMakeFiles/VET6_HALL_speed.elf.dir/Core/Src/syscalls.c.obj
 .debug_ranges  0x00000190       0x10 CMakeFiles/VET6_HALL_speed.elf.dir/Core/Src/sysmem.c.obj
 .debug_ranges  0x000001a0       0x18 CMakeFiles/VET6_HALL_speed.elf.dir/Core/Src/system_stm32f4xx.c.obj
 .debug_ranges  0x000001b8       0x38 CMakeFiles/VET6_HALL_speed.elf.dir/Core/Src/tim.c.obj
 .debug_ranges  0x000001f0       0x20 CMakeFiles/VET6_HALL_speed.elf.dir/Core/Src/usart.c.obj
 .debug_ranges  0x00000210       0x20 CMakeFiles/VET6_HALL_speed.elf.dir/Core/Startup/startup_stm32f407vetx.s.obj
 .debug_ranges  0x00000230       0xe0 CMakeFiles/VET6_HALL_speed.elf.dir/Drivers/STM32F4xx_HAL_Driver/Src/stm32f4xx_hal.c.obj
 .debug_ranges  0x00000310       0xf8 CMakeFiles/VET6_HALL_speed.elf.dir/Drivers/STM32F4xx_HAL_Driver/Src/stm32f4xx_hal_cortex.c.obj
 .debug_ranges  0x00000408       0x48 CMakeFiles/VET6_HALL_speed.elf.dir/Drivers/STM32F4xx_HAL_Driver/Src/stm32f4xx_hal_gpio.c.obj
 .debug_ranges  0x00000450       0x90 CMakeFiles/VET6_HALL_speed.elf.dir/Drivers/STM32F4xx_HAL_Driver/Src/stm32f4xx_hal_rcc.c.obj
 .debug_ranges  0x000004e0      0x3c0 CMakeFiles/VET6_HALL_speed.elf.dir/Drivers/STM32F4xx_HAL_Driver/Src/stm32f4xx_hal_tim.c.obj
 .debug_ranges  0x000008a0      0x158 CMakeFiles/VET6_HALL_speed.elf.dir/Drivers/STM32F4xx_HAL_Driver/Src/stm32f4xx_hal_tim_ex.c.obj
 .debug_ranges  0x000009f8      0x208 CMakeFiles/VET6_HALL_speed.elf.dir/Drivers/STM32F4xx_HAL_Driver/Src/stm32f4xx_hal_uart.c.obj

.debug_line     0x00000000     0xf0fb
 .debug_line    0x00000000      0x177 CMakeFiles/VET6_HALL_speed.elf.dir/Core/Src/gpio.c.obj
 .debug_line    0x00000177      0x70e CMakeFiles/VET6_HALL_speed.elf.dir/Core/Src/main.c.obj
 .debug_line    0x00000885      0x44d CMakeFiles/VET6_HALL_speed.elf.dir/Core/Src/retarget.c.obj
 .debug_line    0x00000cd2      0x1e7 CMakeFiles/VET6_HALL_speed.elf.dir/Core/Src/stm32f4xx_hal_msp.c.obj
 .debug_line    0x00000eb9      0x33b CMakeFiles/VET6_HALL_speed.elf.dir/Core/Src/stm32f4xx_it.c.obj
 .debug_line    0x000011f4      0x374 CMakeFiles/VET6_HALL_speed.elf.dir/Core/Src/syscalls.c.obj
 .debug_line    0x00001568      0x19e CMakeFiles/VET6_HALL_speed.elf.dir/Core/Src/sysmem.c.obj
 .debug_line    0x00001706      0x247 CMakeFiles/VET6_HALL_speed.elf.dir/Core/Src/system_stm32f4xx.c.obj
 .debug_line    0x0000194d      0x4d7 CMakeFiles/VET6_HALL_speed.elf.dir/Core/Src/tim.c.obj
 .debug_line    0x00001e24      0x343 CMakeFiles/VET6_HALL_speed.elf.dir/Core/Src/usart.c.obj
 .debug_line    0x00002167       0xb2 CMakeFiles/VET6_HALL_speed.elf.dir/Core/Startup/startup_stm32f407vetx.s.obj
 .debug_line    0x00002219      0x5e3 CMakeFiles/VET6_HALL_speed.elf.dir/Drivers/STM32F4xx_HAL_Driver/Src/stm32f4xx_hal.c.obj
 .debug_line    0x000027fc      0x7f6 CMakeFiles/VET6_HALL_speed.elf.dir/Drivers/STM32F4xx_HAL_Driver/Src/stm32f4xx_hal_cortex.c.obj
 .debug_line    0x00002ff2      0x732 CMakeFiles/VET6_HALL_speed.elf.dir/Drivers/STM32F4xx_HAL_Driver/Src/stm32f4xx_hal_gpio.c.obj
 .debug_line    0x00003724      0xb61 CMakeFiles/VET6_HALL_speed.elf.dir/Drivers/STM32F4xx_HAL_Driver/Src/stm32f4xx_hal_rcc.c.obj
 .debug_line    0x00004285     0x4af3 CMakeFiles/VET6_HALL_speed.elf.dir/Drivers/STM32F4xx_HAL_Driver/Src/stm32f4xx_hal_tim.c.obj
 .debug_line    0x00008d78     0x1d17 CMakeFiles/VET6_HALL_speed.elf.dir/Drivers/STM32F4xx_HAL_Driver/Src/stm32f4xx_hal_tim_ex.c.obj
 .debug_line    0x0000aa8f     0x466c CMakeFiles/VET6_HALL_speed.elf.dir/Drivers/STM32F4xx_HAL_Driver/Src/stm32f4xx_hal_uart.c.obj

.debug_str      0x00000000     0x437b
 .debug_str     0x00000000      0x2b3 CMakeFiles/VET6_HALL_speed.elf.dir/Core/Src/gpio.c.obj
                                0x2f5 (size before relaxing)
 .debug_str     0x000002b3     0x118d CMakeFiles/VET6_HALL_speed.elf.dir/Core/Src/main.c.obj
                               0x151a (size before relaxing)
 .debug_str     0x00001440      0x540 CMakeFiles/VET6_HALL_speed.elf.dir/Core/Src/retarget.c.obj
                                0xbdb (size before relaxing)
 .debug_str     0x00001980       0x73 CMakeFiles/VET6_HALL_speed.elf.dir/Core/Src/stm32f4xx_hal_msp.c.obj
                                0x31e (size before relaxing)